
/tmp/ccyYdTQi.s: Assembler messages:
/tmp/ccyYdTQi.s:78: Warning: setting incorrect section attributes for .rodata
