Archive member included because of file (symbol)

components/bsp/soc/boot/bootloader//libbootloader.a(ota_c.o)
                              /tmp/ccVIQUBa.o (fota_fs_upgrade)
components/bsp/soc/boot/bootloader//libbootloader.a(ota_flash.o)
                              components/bsp/soc/boot/bootloader//libbootloader.a(ota_c.o) (ota_flash_sector_erase)
components/bsp/soc/boot/bootloader//libbootloader.a(tiny_printf.o)
                              /tmp/ccacfcQU.o (tiny_printf_display)
components/bsp/soc/boot/bootloader//libbootloader.a(tiny_do_printf.o)
                              components/bsp/soc/boot/bootloader//libbootloader.a(tiny_printf.o) (tiny_do_printf)
components/bsp/soc/boot/bootloader//libbootloader.a(ota_ssv_littlefs.o)
                              components/bsp/soc/boot/bootloader//libbootloader.a(ota_c.o) (OTA_LITTLEFS_init)
components/bsp/soc/boot/bootloader//libbootloader.a(cli.o)
                              components/bsp/soc/boot/bootloader//libbootloader.a(ota_c.o) (Cli_Init)
components/bsp/soc/boot/bootloader//libbootloader.a(drv_comport.o)
                              components/bsp/soc/boot/bootloader//libbootloader.a(ota_c.o) (drv_comport_init)
components/bsp/soc/boot/bootloader//libbootloader.a(printf_patch.o)
                              components/bsp/soc/boot/bootloader//libbootloader.a(ota_c.o) (printf)
components/bsp/soc/boot/bootloader//libbootloader.a(ota.o)
                              (_bootloader_start)
components/bsp/soc/boot/bootloader//libbootloader.a(bl_version.o)
                              components/bsp/soc/boot/bootloader//libbootloader.a(ota_c.o) (bl_version)
components/bsp/soc/boot/bootloader//libbootloader.a(ota_init_mem.o)
                              components/bsp/soc/boot/bootloader//libbootloader.a(ota.o) (_ota_nds32_init_mem)
components/bsp/soc/boot/bootloader//libbootloader.a(ota_clock.o)
                              components/bsp/soc/boot/bootloader//libbootloader.a(ota.o) (_ota_soc_clk_init)
components/bsp/soc/boot/bootloader//libbootloader.a(my_lib.o)
                              components/bsp/soc/boot/bootloader//libbootloader.a(ota_ssv_littlefs.o) (my_memcmp)
components/bsp/soc/boot/bootloader//libbootloader.a(serial.o)
                              components/bsp/soc/boot/bootloader//libbootloader.a(tiny_printf.o) (serial_tx)
components/bsp/soc/boot/bootloader//libbootloader.a(fota_md5.o)
                              components/bsp/soc/boot/bootloader//libbootloader.a(ota_ssv_littlefs.o) (MD5_Init)
components/bsp/soc/boot/bootloader//libbootloader.a(xmodem.o)
                              components/bsp/soc/boot/bootloader//libbootloader.a(ota_ssv_littlefs.o) (xbuff)
components/bsp/soc/boot/bootloader//libbootloader.a(crc16.o)
                              components/bsp/soc/boot/bootloader//libbootloader.a(xmodem.o) (crc16_ccitt)
components/bsp/soc/boot/bootloader//libbootloader.a(ota_lfs.o)
                              components/bsp/soc/boot/bootloader//libbootloader.a(ota_ssv_littlefs.o) (lfs_stat)
components/bsp/soc/boot/bootloader//libbootloader.a(ota_lfs_util.o)
                              components/bsp/soc/boot/bootloader//libbootloader.a(ota_lfs.o) (lfs_crc)
components/bsp/soc/boot/bootloader//libbootloader.a(cli_cmd.o)
                              components/bsp/soc/boot/bootloader//libbootloader.a(cli.o) (gCliCmdTable)
components/bsp/soc/boot/bootloader//libbootloader.a(hal_uart.o)
                              components/bsp/soc/boot/bootloader//libbootloader.a(drv_comport.o) (hal_uart_register_isr)
components/bsp/soc/boot/bootloader//libbootloader.a(hal_hsuart.o)
                              components/bsp/soc/boot/bootloader//libbootloader.a(drv_comport.o) (hal_hsuart_register_isr_ex)
components/bsp/soc/boot/bootloader//libbootloader.a(mstick.o)
                              components/bsp/soc/boot/bootloader//libbootloader.a(xmodem.o) (mstick_set_period)
components/bsp/soc/boot/bootloader//libbootloader.a(intc.o)
                              components/bsp/soc/boot/bootloader//libbootloader.a(hal_uart.o) (intc_irq_enable)
/home/yaguan/work/SV32WB0X/toolchain/nds32le-elf-mculib-v3s/bin/../lib/gcc/nds32le-elf/4.9.4/mcmodel-large/mext-dsp/libgcc.a(_udivdi3.o)
                              components/bsp/soc/boot/bootloader//libbootloader.a(printf_patch.o) (__udivdi3)
/home/yaguan/work/SV32WB0X/toolchain/nds32le-elf-mculib-v3s/bin/../lib/gcc/nds32le-elf/4.9.4/mcmodel-large/mext-dsp/libgcc.a(_udivmoddi4.o)
                              /home/yaguan/work/SV32WB0X/toolchain/nds32le-elf-mculib-v3s/bin/../lib/gcc/nds32le-elf/4.9.4/mcmodel-large/mext-dsp/libgcc.a(_udivdi3.o) (__udivmoddi4)
/home/yaguan/work/SV32WB0X/toolchain/nds32le-elf-mculib-v3s/bin/../lib/gcc/nds32le-elf/4.9.4/mcmodel-large/mext-dsp/libgcc.a(_umoddi3.o)
                              components/bsp/soc/boot/bootloader//libbootloader.a(printf_patch.o) (__umoddi3)
[...]
Memory Configuration

Name             Origin             Length             Attributes
SRAM_ILM         0x00000000         0x00010000         xrw
SRAM_DLM         0x00100000         0x00008000         rw
SRAM_BUS         0x60000000         0x00040000         rw
RENT_SRAM        0xd9000000         0x00004000         xrw
FLASH_SIGN       0x30000000         0x00000000         xr
FLASH_HEADER     0x30000000         0x00000040         xr
FLASH_BOOT       0x30000040         0x0000ffc0         xr
FLASH_PARAM      0x30010000         0x00015000         xr
FLASH_XIP1       0x30025000         0x000d7000         xr
FLASH_XIP2       0x300fc000         0x000d7000         xr
*default*        0x00000000         0xffffffff

Linker script and memory map

LOAD /home/yaguan/work/SV32WB0X/toolchain/nds32le-elf-mculib-v3s/bin/../lib/gcc/nds32le-elf/4.9.4/../../../../nds32le-elf/lib/mcmodel-large/mext-dsp/libdsp.a
LOAD /tmp/ccacfcQU.o
LOAD /tmp/ccVIQUBa.o
LOAD components/bsp/soc/boot/bootloader//libbootloader.a
LOAD /home/yaguan/work/SV32WB0X/toolchain/nds32le-elf-mculib-v3s/bin/../lib/gcc/nds32le-elf/4.9.4/mcmodel-large/mext-dsp/libgcc.a
START GROUP
LOAD /home/yaguan/work/SV32WB0X/toolchain/nds32le-elf-mculib-v3s/bin/../lib/gcc/nds32le-elf/4.9.4/../../../../nds32le-elf/lib/mcmodel-large/mext-dsp/libc.a
LOAD /home/yaguan/work/SV32WB0X/toolchain/nds32le-elf-mculib-v3s/bin/../lib/gcc/nds32le-elf/4.9.4/../../../../nds32le-elf/lib/mcmodel-large/mext-dsp/libgloss.a
LOAD /home/yaguan/work/SV32WB0X/toolchain/nds32le-elf-mculib-v3s/bin/../lib/gcc/nds32le-elf/4.9.4/../../../../nds32le-elf/lib/mcmodel-large/mext-dsp/libnosys.a
END GROUP
LOAD /home/yaguan/work/SV32WB0X/toolchain/nds32le-elf-mculib-v3s/bin/../lib/gcc/nds32le-elf/4.9.4/mcmodel-large/mext-dsp/libgcc.a
                0x00100000                _SDA_BASE_ = 0x100000
                0x00000000                __executable_start = 0x0
                0x30000000                NDS_SAG_LMA_ROM = 0x30000000
                0x30000000                FLASH_BEGIN = NDS_SAG_LMA_ROM
                0x0000001a                __xtal = 0x1a
                0x000000a0                __sys_bus_speed = 0xa0
                0x00000140                __sys_mcu_speed = 0x140
                0x00000050                __sys_flash_speed = 0x50
                0x00000004                __xip_bit = 0x4
                0x000d7000                __setting_partition_main_size = 0xd7000
                0x00200000                __setting_flash_total_size = 0x200000
                0x80000000                __setting_psram_heap_base = 0x80000000
                0x00000000                __setting_psram_heap_size = 0x0
                0x30025000                __app_xip1 = ORIGIN (REGION_MAIN1)
                0x300fc000                __app_xip2 = ORIGIN (REGION_MAIN2)
                0x300fc000                __fs_start_addr = (ORIGIN (REGION_LAST) + 0xd7000)
                0x000fc000                __img_max_size = ((ORIGIN (REGION_LAST) + 0xd7000) - 0x30000000)
                0x00000001                __fota_option = 0x1
                0x30010000                __fota_data = ORIGIN (REGION_PARAM)
                0x30011000                g_sa_cfg = (ORIGIN (REGION_PARAM) + 0x1000)
                0x30012000                g_wifi_cfg = ((ORIGIN (REGION_PARAM) + 0x1000) + 0x1000)
                0x30013000                _pad_setting = (((ORIGIN (REGION_PARAM) + 0x1000) + 0x1000) + 0x1000)
                0x30014000                g_rom_boot = ((((ORIGIN (REGION_PARAM) + 0x1000) + 0x1000) + 0x1000) + 0x1000)
                0x30015000                g_user_cfg = (((((ORIGIN (REGION_PARAM) + 0x1000) + 0x1000) + 0x1000) + 0x1000) + 0x1000)

.secure_boot_hdr
                0x30000000       0x40
                0x30000024                . = (. + 0x24)
 *fill*         0x30000000       0x24 
                0x30000024        0x4 LONG 0x30025000 __app_xip1
                0x30000028        0x4 LONG 0x300fc000 __app_xip2
                0x3000002c        0x4 LONG 0xedd1e164
                0x30000030        0x4 LONG 0x10000
                0x30000034        0x4 LONG 0x1a __xtal
                0x30000038        0x4 LONG 0x4 __xip_bit
                0x3000003c        0x4 LONG 0x50 __sys_flash_speed

.ota_boot_hdr   0x30000040      0x234
 *(.ota_boot_hdr)
 .ota_boot_hdr  0x30000040      0x100 components/bsp/soc/boot/bootloader//libbootloader.a(ota.o)
                0x30000040                _bootloader_start
                0x300000e0                OS_Trap_Syscall
                0x300000fa                OTA_Trap_TLB_VLPT_Miss
                0x300000fa                OS_Trap_TLB_Misc
                0x300000fa                OS_Trap_Debug_Related
                0x300000fa                OTA_Trap_Syscall
                0x300000fa                OTA_Trap_Interrupt_SWI
                0x300000fa                OS_Trap_General_Exception
                0x300000fa                OTA_Trap_TLB_Misc
                0x300000fa                OTA_Trap_PTE_Not_Present
                0x300000fa                OTA_Trap_Debug_Related
                0x300000fa                OS_Trap_Interrupt_SWI
                0x300000fa                OS_Trap_PTE_Not_Present
                0x300000fa                OTA_Trap_Machine_Error
                0x300000fa                OTA_Trap_TLB_Fill
                0x300000fa                OTA_Trap_NONE
                0x300000fa                OS_Trap_TLB_VLPT_Miss
                0x300000fa                OTA_Trap_General_Exception
                0x300000fa                OS_Trap_Machine_Error
                0x300000fa                OS_Trap_TLB_Fill
 *(.ota_boot)
 .ota_boot      0x30000140      0x10c components/bsp/soc/boot/bootloader//libbootloader.a(ota.o)
                0x30000140                ota_boot
 *fill*         0x3000024c        0x0 
 .ota_boot      0x3000024c       0x28 components/bsp/soc/boot/bootloader//libbootloader.a(ota_init_mem.o)
                0x3000024c                _ota_move_fast_boot_code
                0x00000000                . = 0x0
                0x00000000                ILM_BEGIN = .
                0x30000274                __ota_fast_boot_lmastart = LOADADDR (.ota_fast_boot_code)
                0x00000000                __ota_fast_boot_start = ADDR (.ota_fast_boot_code)

.ota_fast_boot_code
                0x00000000       0xbc load address 0x30000274
 *(.ota_vector)
 .ota_vector    0x00000000       0x90 components/bsp/soc/boot/bootloader//libbootloader.a(ota.o)
 *(.ota_fast_boot_code)
 .ota_fast_boot_code
                0x00000090       0x2c components/bsp/soc/boot/bootloader//libbootloader.a(ota_init_mem.o)
                0x00000090                _ota_move_fast_code
                0x000000bc                __ota_fast_boot_end = .
                0x30000330                __fast_lmastart = LOADADDR (.fast_code)
                0x000000c0                __fast_start = ADDR (.fast_code)

.fast_code      0x000000c0     0xb408 load address 0x30000330
                0x000000c0                . = ALIGN (0x4)
 *(.text .stub .text.* .gnu.linkonce.t.* .rodata .rodata.*)
 .text._boot_init
                0x000000c0        0x8 /tmp/ccacfcQU.o
                0x000000c0                _boot_init
 .text.custom_upgrade
                0x000000c8        0x4 /tmp/ccVIQUBa.o
                0x000000c8                custom_upgrade
 .text.custom_boot_addr
                0x000000cc        0x4 /tmp/ccVIQUBa.o
                0x000000cc                custom_boot_addr
 .rodata.str1.4
                0x000000d0       0x7d components/bsp/soc/boot/bootloader//libbootloader.a(ota_c.o)
                                 0x80 (size before relaxing)
 *fill*         0x0000014d        0x3 
 .text.chip_init
                0x00000150      0x108 components/bsp/soc/boot/bootloader//libbootloader.a(ota_c.o)
                0x00000150                chip_init
 .text.ota_c_code
                0x00000258      0x128 components/bsp/soc/boot/bootloader//libbootloader.a(ota_c.o)
                0x00000258                ota_c_code
 .text.fota_fs_upgrade
                0x00000380       0xc0 components/bsp/soc/boot/bootloader//libbootloader.a(ota_c.o)
                0x00000380                fota_fs_upgrade
 .text.flash_wait_spi_status_register
                0x00000440       0x48 components/bsp/soc/boot/bootloader//libbootloader.a(ota_flash.o)
 .text.flash_write_enable
                0x00000488       0x40 components/bsp/soc/boot/bootloader//libbootloader.a(ota_flash.o)
 .text.ota_flashctl_bitmode
                0x000004c8       0x3c components/bsp/soc/boot/bootloader//libbootloader.a(ota_flash.o)
                0x000004c8                ota_flashctl_bitmode
 .text.ota_flash_sector_erase
                0x00000504       0x6c components/bsp/soc/boot/bootloader//libbootloader.a(ota_flash.o)
                0x00000504                ota_flash_sector_erase
 .text.ota_flash_page_program
                0x00000570       0x84 components/bsp/soc/boot/bootloader//libbootloader.a(ota_flash.o)
                0x00000570                ota_flash_page_program
 .text.ota_flash_init
                0x000005f4       0x34 components/bsp/soc/boot/bootloader//libbootloader.a(ota_flash.o)
                0x000005f4                ota_flash_init
 .text.tiny_vprintf_help
                0x00000628       0x20 components/bsp/soc/boot/bootloader//libbootloader.a(tiny_printf.o)
 .text.tiny_printf_display
                0x00000648        0x8 components/bsp/soc/boot/bootloader//libbootloader.a(tiny_printf.o)
                0x00000648                tiny_printf_display
 .text.tiny_printf
                0x00000650       0x24 components/bsp/soc/boot/bootloader//libbootloader.a(tiny_printf.o)
                0x00000650                tiny_printf
 .text.tiny_do_printf
                0x00000674      0x36c components/bsp/soc/boot/bootloader//libbootloader.a(tiny_do_printf.o)
                0x00000674                tiny_do_printf
 .text._block_read
                0x000009e0       0x28 components/bsp/soc/boot/bootloader//libbootloader.a(ota_ssv_littlefs.o)
 .rodata.str1.4
                0x00000a08       0xf5 components/bsp/soc/boot/bootloader//libbootloader.a(ota_ssv_littlefs.o)
                                 0xfc (size before relaxing)
 *fill*         0x00000afd        0x3 
 .text.OTA_LITTLEFS_init
                0x00000b00       0xac components/bsp/soc/boot/bootloader//libbootloader.a(ota_ssv_littlefs.o)
                0x00000b00                OTA_LITTLEFS_init
 .text.OTA_LITTLEFS_find_and_check
                0x00000bac      0x144 components/bsp/soc/boot/bootloader//libbootloader.a(ota_ssv_littlefs.o)
                0x00000bac                OTA_LITTLEFS_find_and_check
 .text.OTA_LIEELEFS_find_and_update
                0x00000cf0      0x170 components/bsp/soc/boot/bootloader//libbootloader.a(ota_ssv_littlefs.o)
                0x00000cf0                OTA_LIEELEFS_find_and_update
 .text.drv_uart_tx_0
                0x00000e60       0x20 components/bsp/soc/boot/bootloader//libbootloader.a(cli.o)
                0x00000e60                drv_uart_tx_0
 .text.Cli_Init
                0x00000e80       0x28 components/bsp/soc/boot/bootloader//libbootloader.a(cli.o)
                0x00000e80                Cli_Init
 .rodata.str1.4
                0x00000ea8       0x37 components/bsp/soc/boot/bootloader//libbootloader.a(cli.o)
                                 0x3c (size before relaxing)
 *fill*         0x00000edf        0x1 
 .text.getDatafromUart
                0x00000ee0       0x28 components/bsp/soc/boot/bootloader//libbootloader.a(cli.o)
                0x00000ee0                getDatafromUart
 .text.Cli_Start
                0x00000f08      0x2f8 components/bsp/soc/boot/bootloader//libbootloader.a(cli.o)
                0x00000f08                Cli_Start
 .text.comport_uart_register_isr
                0x00001200        0x4 components/bsp/soc/boot/bootloader//libbootloader.a(drv_comport.o)
                0x00001200                comport_uart_register_isr
 .text.comport_uart_init
                0x00001204        0x4 components/bsp/soc/boot/bootloader//libbootloader.a(drv_comport.o)
                0x00001204                comport_uart_init
 .text.comport_uart_deinit
                0x00001208        0x4 components/bsp/soc/boot/bootloader//libbootloader.a(drv_comport.o)
                0x00001208                comport_uart_deinit
 .text.comport_uart_set_format
                0x0000120c        0x4 components/bsp/soc/boot/bootloader//libbootloader.a(drv_comport.o)
                0x0000120c                comport_uart_set_format
 .text.comport_uart_write_fifo
                0x00001210        0x4 components/bsp/soc/boot/bootloader//libbootloader.a(drv_comport.o)
                0x00001210                comport_uart_write_fifo
 .text.comport_uart_read_fifo
                0x00001214        0x4 components/bsp/soc/boot/bootloader//libbootloader.a(drv_comport.o)
                0x00001214                comport_uart_read_fifo
 .text.comport_uart_sw_rst
                0x00001218        0x4 components/bsp/soc/boot/bootloader//libbootloader.a(drv_comport.o)
                0x00001218                comport_uart_sw_rst
 .text.comport_uart_get_line_status
                0x0000121c        0x4 components/bsp/soc/boot/bootloader//libbootloader.a(drv_comport.o)
                0x0000121c                comport_uart_get_line_status
 .text.comport_uart_is_receiver_available
                0x00001220       0x10 components/bsp/soc/boot/bootloader//libbootloader.a(drv_comport.o)
                0x00001220                comport_uart_is_receiver_available
 .text.comport_uart_is_transmitter_idle
                0x00001230       0x14 components/bsp/soc/boot/bootloader//libbootloader.a(drv_comport.o)
                0x00001230                comport_uart_is_transmitter_idle
 .text.comport_uart_direct_read_byte
                0x00001244        0x4 components/bsp/soc/boot/bootloader//libbootloader.a(drv_comport.o)
                0x00001244                comport_uart_direct_read_byte
 .text.comport_hsuart_register_isr
                0x00001248       0x10 components/bsp/soc/boot/bootloader//libbootloader.a(drv_comport.o)
                0x00001248                comport_hsuart_register_isr
 .text.comport_hsuart_init
                0x00001258        0x8 components/bsp/soc/boot/bootloader//libbootloader.a(drv_comport.o)
                0x00001258                comport_hsuart_init
 .text.comport_hsuart_deinit
                0x00001260        0x8 components/bsp/soc/boot/bootloader//libbootloader.a(drv_comport.o)
                0x00001260                comport_hsuart_deinit
 .text.comport_hsuart_set_format
                0x00001268       0x18 components/bsp/soc/boot/bootloader//libbootloader.a(drv_comport.o)
                0x00001268                comport_hsuart_set_format
 .text.comport_hsuart_write_fifo
                0x00001280       0x14 components/bsp/soc/boot/bootloader//libbootloader.a(drv_comport.o)
                0x00001280                comport_hsuart_write_fifo
 .text.comport_hsuart_read_fifo
                0x00001294       0x14 components/bsp/soc/boot/bootloader//libbootloader.a(drv_comport.o)
                0x00001294                comport_hsuart_read_fifo
 .text.comport_hsuart_sw_rst
                0x000012a8        0x8 components/bsp/soc/boot/bootloader//libbootloader.a(drv_comport.o)
                0x000012a8                comport_hsuart_sw_rst
 .text.comport_hsuart_get_line_status
                0x000012b0        0x8 components/bsp/soc/boot/bootloader//libbootloader.a(drv_comport.o)
                0x000012b0                comport_hsuart_get_line_status
 .text.comport_hsuart_is_receiver_available
                0x000012b8       0x14 components/bsp/soc/boot/bootloader//libbootloader.a(drv_comport.o)
                0x000012b8                comport_hsuart_is_receiver_available
 .text.comport_hsuart_is_transmitter_idle
                0x000012cc       0x18 components/bsp/soc/boot/bootloader//libbootloader.a(drv_comport.o)
                0x000012cc                comport_hsuart_is_transmitter_idle
 .text.comport_hsuart_direct_read_byte
                0x000012e4        0x8 components/bsp/soc/boot/bootloader//libbootloader.a(drv_comport.o)
                0x000012e4                comport_hsuart_direct_read_byte
 .text.drv_comport_init
                0x000012ec       0x58 components/bsp/soc/boot/bootloader//libbootloader.a(drv_comport.o)
                0x000012ec                drv_comport_init
 .text.drv_comport_set_format
                0x00001344       0x1c components/bsp/soc/boot/bootloader//libbootloader.a(drv_comport.o)
                0x00001344                drv_comport_set_format
 .text.drv_comport_write_fifo
                0x00001360       0x1c components/bsp/soc/boot/bootloader//libbootloader.a(drv_comport.o)
                0x00001360                drv_comport_write_fifo
 .text.drv_comport_read_fifo
                0x0000137c       0x1c components/bsp/soc/boot/bootloader//libbootloader.a(drv_comport.o)
                0x0000137c                drv_comport_read_fifo
 .text._out_null
                0x00001398        0x4 components/bsp/soc/boot/bootloader//libbootloader.a(printf_patch.o)
 .text._ntoa_format
                0x0000139c      0x250 components/bsp/soc/boot/bootloader//libbootloader.a(printf_patch.o)
 .text._ntoa_long
                0x000015ec       0x94 components/bsp/soc/boot/bootloader//libbootloader.a(printf_patch.o)
 .text._ntoa_long_long
                0x00001680       0xd8 components/bsp/soc/boot/bootloader//libbootloader.a(printf_patch.o)
 .text._out_char
                0x00001758       0x24 components/bsp/soc/boot/bootloader//libbootloader.a(printf_patch.o)
 .text._vsnprintf
                0x0000177c      0xcbc components/bsp/soc/boot/bootloader//libbootloader.a(printf_patch.o)
 .text.printf   0x00002438       0x20 components/bsp/soc/boot/bootloader//libbootloader.a(printf_patch.o)
                0x00002438                printf
 *fill*         0x00002458        0x0 
 .rodata.pow10.3224
                0x00002458       0x50 components/bsp/soc/boot/bootloader//libbootloader.a(printf_patch.o)
 .rodata.cst8   0x000024a8       0x18 components/bsp/soc/boot/bootloader//libbootloader.a(printf_patch.o)
 .text          0x000024c0       0x48 components/bsp/soc/boot/bootloader//libbootloader.a(ota.o)
 .rodata.str1.4
                0x00002508        0x7 components/bsp/soc/boot/bootloader//libbootloader.a(bl_version.o)
                                  0x8 (size before relaxing)
 *fill*         0x0000250f        0x1 
 .text._ota_nds32_init_mem
                0x00002510       0x2c components/bsp/soc/boot/bootloader//libbootloader.a(ota_init_mem.o)
                0x00002510                _ota_nds32_init_mem
 .rodata        0x0000253c       0x28 components/bsp/soc/boot/bootloader//libbootloader.a(ota_clock.o)
 .text._ota_soc_clk_init
                0x00002564      0x1f8 components/bsp/soc/boot/bootloader//libbootloader.a(ota_clock.o)
                0x00002564                _ota_soc_clk_init
 .text.my_memcmp
                0x0000275c       0x2c components/bsp/soc/boot/bootloader//libbootloader.a(my_lib.o)
                0x0000275c                my_memcmp
 .text.my_strlen
                0x00002788       0x18 components/bsp/soc/boot/bootloader//libbootloader.a(my_lib.o)
                0x00002788                my_strlen
 .text.serial_tx
                0x000027a0        0xc components/bsp/soc/boot/bootloader//libbootloader.a(serial.o)
                0x000027a0                serial_tx
 .text.body     0x000027ac      0xc0c components/bsp/soc/boot/bootloader//libbootloader.a(fota_md5.o)
 .text.MD5_Init
                0x000033b8       0x30 components/bsp/soc/boot/bootloader//libbootloader.a(fota_md5.o)
                0x000033b8                MD5_Init
 .text.MD5_Update
                0x000033e8       0x90 components/bsp/soc/boot/bootloader//libbootloader.a(fota_md5.o)
                0x000033e8                MD5_Update
 .text.MD5_Final
                0x00003478      0x118 components/bsp/soc/boot/bootloader//libbootloader.a(fota_md5.o)
                0x00003478                MD5_Final
 .text.lfs_alloc_lookahead
                0x00003590       0x38 components/bsp/soc/boot/bootloader//libbootloader.a(ota_lfs.o)
 .text.lfs_dir_traverse_filter
                0x000035c8       0x88 components/bsp/soc/boot/bootloader//libbootloader.a(ota_lfs.o)
 .text.lfs_dir_commit_size
                0x00003650       0x1c components/bsp/soc/boot/bootloader//libbootloader.a(ota_lfs.o)
 .text.lfs_fs_size_count
                0x0000366c        0xc components/bsp/soc/boot/bootloader//libbootloader.a(ota_lfs.o)
 .text.lfs_deinit
                0x00003678       0x54 components/bsp/soc/boot/bootloader//libbootloader.a(ota_lfs.o)
 .rodata.str1.4
                0x000036cc      0x704 components/bsp/soc/boot/bootloader//libbootloader.a(ota_lfs.o)
                                0x728 (size before relaxing)
 .text.lfs_init
                0x00003dd0      0x2d0 components/bsp/soc/boot/bootloader//libbootloader.a(ota_lfs.o)
 .text.lfs_bd_read.isra.13
                0x000040a0      0x188 components/bsp/soc/boot/bootloader//libbootloader.a(ota_lfs.o)
 .text.lfs_fs_parent_match
                0x00004228       0x58 components/bsp/soc/boot/bootloader//libbootloader.a(ota_lfs.o)
 .rodata        0x00004280        0x8 components/bsp/soc/boot/bootloader//libbootloader.a(ota_lfs.o)
 .text.lfs_dir_fetchmatch
                0x00004288      0x61c components/bsp/soc/boot/bootloader//libbootloader.a(ota_lfs.o)
 .text.lfs_fs_parent
                0x000048a4       0x8c components/bsp/soc/boot/bootloader//libbootloader.a(ota_lfs.o)
 .text.lfs_fs_pred
                0x00004930       0x8c components/bsp/soc/boot/bootloader//libbootloader.a(ota_lfs.o)
 .text.lfs_dir_traverse
                0x000049bc      0x254 components/bsp/soc/boot/bootloader//libbootloader.a(ota_lfs.o)
 .text.lfs_fs_preporphans.isra.14
                0x00004c10       0x40 components/bsp/soc/boot/bootloader//libbootloader.a(ota_lfs.o)
 .text.lfs_bd_erase.isra.16
                0x00004c50       0x4c components/bsp/soc/boot/bootloader//libbootloader.a(ota_lfs.o)
 .text.lfs_ctz_index.isra.23
                0x00004c9c       0x48 components/bsp/soc/boot/bootloader//libbootloader.a(ota_lfs.o)
 .text.lfs_ctz_traverse.part.24
                0x00004ce4       0x7c components/bsp/soc/boot/bootloader//libbootloader.a(ota_lfs.o)
 .text.lfs_ctz_find.constprop.32
                0x00004d60       0xb0 components/bsp/soc/boot/bootloader//libbootloader.a(ota_lfs.o)
 .text.lfs_bd_cmp.constprop.35
                0x00004e10       0x80 components/bsp/soc/boot/bootloader//libbootloader.a(ota_lfs.o)
 .text.lfs_bd_flush
                0x00004e90       0xc8 components/bsp/soc/boot/bootloader//libbootloader.a(ota_lfs.o)
 .text.lfs_bd_prog
                0x00004f58      0x11c components/bsp/soc/boot/bootloader//libbootloader.a(ota_lfs.o)
 .text.lfs_dir_commitprog
                0x00005074       0x40 components/bsp/soc/boot/bootloader//libbootloader.a(ota_lfs.o)
 .text.lfs_dir_commitattr
                0x000050b4       0xbc components/bsp/soc/boot/bootloader//libbootloader.a(ota_lfs.o)
 .text.lfs_dir_commit_commit
                0x00005170        0xc components/bsp/soc/boot/bootloader//libbootloader.a(ota_lfs.o)
 .text.lfs_dir_commitcrc
                0x0000517c      0x24c components/bsp/soc/boot/bootloader//libbootloader.a(ota_lfs.o)
 .text.lfs_dir_find_match
                0x000053c8       0x4c components/bsp/soc/boot/bootloader//libbootloader.a(ota_lfs.o)
 .text.lfs_dir_getslice
                0x00005414      0x1e0 components/bsp/soc/boot/bootloader//libbootloader.a(ota_lfs.o)
 .text.lfs_dir_getgstate
                0x000055f4       0x54 components/bsp/soc/boot/bootloader//libbootloader.a(ota_lfs.o)
 .text.lfs_dir_find
                0x00005648      0x1d8 components/bsp/soc/boot/bootloader//libbootloader.a(ota_lfs.o)
 .text.lfs_dir_getinfo
                0x00005820       0xc0 components/bsp/soc/boot/bootloader//libbootloader.a(ota_lfs.o)
 .text.lfs_dir_getread.constprop.33
                0x000058e0       0xc8 components/bsp/soc/boot/bootloader//libbootloader.a(ota_lfs.o)
 .text.lfs_stat
                0x000059a8       0x34 components/bsp/soc/boot/bootloader//libbootloader.a(ota_lfs.o)
                0x000059a8                lfs_stat
 .text.lfs_mount
                0x000059dc      0x26c components/bsp/soc/boot/bootloader//libbootloader.a(ota_lfs.o)
                0x000059dc                lfs_mount
 .text.lfs_fs_traverseraw
                0x00005c48      0x178 components/bsp/soc/boot/bootloader//libbootloader.a(ota_lfs.o)
                0x00005c48                lfs_fs_traverseraw
 .text.lfs_alloc
                0x00005dc0      0x14c components/bsp/soc/boot/bootloader//libbootloader.a(ota_lfs.o)
 .text.lfs_dir_alloc
                0x00005f0c       0x74 components/bsp/soc/boot/bootloader//libbootloader.a(ota_lfs.o)
 .text.lfs_file_relocate
                0x00005f80      0x174 components/bsp/soc/boot/bootloader//libbootloader.a(ota_lfs.o)
 .text.lfs_file_write
                0x000060f4      0x44c components/bsp/soc/boot/bootloader//libbootloader.a(ota_lfs.o)
                0x000060f4                lfs_file_write
 .text.lfs_file_flush
                0x00006540      0x178 components/bsp/soc/boot/bootloader//libbootloader.a(ota_lfs.o)
 .text.lfs_file_read
                0x000066b8      0x1ac components/bsp/soc/boot/bootloader//libbootloader.a(ota_lfs.o)
                0x000066b8                lfs_file_read
 .text.lfs_fs_size
                0x00006864       0x24 components/bsp/soc/boot/bootloader//libbootloader.a(ota_lfs.o)
                0x00006864                lfs_fs_size
 .text.lfs_dir_compact
                0x00006888      0x6c4 components/bsp/soc/boot/bootloader//libbootloader.a(ota_lfs.o)
 .text.lfs_dir_commit
                0x00006f4c      0x434 components/bsp/soc/boot/bootloader//libbootloader.a(ota_lfs.o)
 .text.lfs_dir_drop
                0x00007380       0x48 components/bsp/soc/boot/bootloader//libbootloader.a(ota_lfs.o)
 .text.lfs_fs_forceconsistency
                0x000073c8      0x1fc components/bsp/soc/boot/bootloader//libbootloader.a(ota_lfs.o)
 .text.lfs_file_sync
                0x000075c4       0xf0 components/bsp/soc/boot/bootloader//libbootloader.a(ota_lfs.o)
                0x000075c4                lfs_file_sync
 .text.lfs_file_close
                0x000076b4       0x88 components/bsp/soc/boot/bootloader//libbootloader.a(ota_lfs.o)
                0x000076b4                lfs_file_close
 .text.lfs_file_opencfg
                0x0000773c      0x2ec components/bsp/soc/boot/bootloader//libbootloader.a(ota_lfs.o)
                0x0000773c                lfs_file_opencfg
 .text.lfs_file_open
                0x00007a28        0x8 components/bsp/soc/boot/bootloader//libbootloader.a(ota_lfs.o)
                0x00007a28                lfs_file_open
 .text.lfs_format
                0x00007a30      0x108 components/bsp/soc/boot/bootloader//libbootloader.a(ota_lfs.o)
                0x00007a30                lfs_format
 .text.lfs_dir_split
                0x00007b38       0x9c components/bsp/soc/boot/bootloader//libbootloader.a(ota_lfs.o)
 .rodata.__func__.4286
                0x00007bd4        0xc components/bsp/soc/boot/bootloader//libbootloader.a(ota_lfs.o)
 .rodata.__func__.4141
                0x00007be0       0x10 components/bsp/soc/boot/bootloader//libbootloader.a(ota_lfs.o)
 .rodata.__func__.4124
                0x00007bf0       0x10 components/bsp/soc/boot/bootloader//libbootloader.a(ota_lfs.o)
 .rodata.__func__.4110
                0x00007c00       0x10 components/bsp/soc/boot/bootloader//libbootloader.a(ota_lfs.o)
 .rodata.__func__.4065
                0x00007c10       0x10 components/bsp/soc/boot/bootloader//libbootloader.a(ota_lfs.o)
 .rodata.defaults.4059
                0x00007c20        0xc components/bsp/soc/boot/bootloader//libbootloader.a(ota_lfs.o)
 .rodata.__func__.3846
                0x00007c2c       0x10 components/bsp/soc/boot/bootloader//libbootloader.a(ota_lfs.o)
 .rodata.__func__.3334
                0x00007c3c        0xc components/bsp/soc/boot/bootloader//libbootloader.a(ota_lfs.o)
 .rodata.__func__.4094
                0x00007c48       0x10 components/bsp/soc/boot/bootloader//libbootloader.a(ota_lfs.o)
 .rodata.__func__.3323
                0x00007c58       0x10 components/bsp/soc/boot/bootloader//libbootloader.a(ota_lfs.o)
 .rodata.__func__.3346
                0x00007c68        0xc components/bsp/soc/boot/bootloader//libbootloader.a(ota_lfs.o)
 .rodata.__func__.3356
                0x00007c74       0x10 components/bsp/soc/boot/bootloader//libbootloader.a(ota_lfs.o)
 .rodata.__func__.4075
                0x00007c84       0x14 components/bsp/soc/boot/bootloader//libbootloader.a(ota_lfs.o)
 .rodata.__func__.3868
                0x00007c98       0x10 components/bsp/soc/boot/bootloader//libbootloader.a(ota_lfs.o)
 .rodata.__func__.4427
                0x00007ca8       0x14 components/bsp/soc/boot/bootloader//libbootloader.a(ota_lfs.o)
 .rodata.__func__.3292
                0x00007cbc        0xc components/bsp/soc/boot/bootloader//libbootloader.a(ota_lfs.o)
 .text.lfs_crc  0x00007cc8       0x30 components/bsp/soc/boot/bootloader//libbootloader.a(ota_lfs_util.o)
                0x00007cc8                lfs_crc
 .rodata.rtable.2979
                0x00007cf8       0x40 components/bsp/soc/boot/bootloader//libbootloader.a(ota_lfs_util.o)
 .text.Cmd_Meta
                0x00007d38       0x24 components/bsp/soc/boot/bootloader//libbootloader.a(cli_cmd.o)
                0x00007d38                Cmd_Meta
 .text.Cmd_Meta_reboot
                0x00007d5c       0x28 components/bsp/soc/boot/bootloader//libbootloader.a(cli_cmd.o)
                0x00007d5c                Cmd_Meta_reboot
 .rodata.str1.4
                0x00007d84      0x1e9 components/bsp/soc/boot/bootloader//libbootloader.a(cli_cmd.o)
                                0x1f4 (size before relaxing)
 *fill*         0x00007f6d        0x3 
 .text.Cmd_WriteReg32
                0x00007f70       0x48 components/bsp/soc/boot/bootloader//libbootloader.a(cli_cmd.o)
                0x00007f70                Cmd_WriteReg32
 .text.Cmd_test
                0x00007fb8       0xa8 components/bsp/soc/boot/bootloader//libbootloader.a(cli_cmd.o)
                0x00007fb8                Cmd_test
 .text.Cmd_Meta_backup
                0x00008060       0x84 components/bsp/soc/boot/bootloader//libbootloader.a(cli_cmd.o)
                0x00008060                Cmd_Meta_backup
 .text.Cmd_Meta_get
                0x000080e4       0xe8 components/bsp/soc/boot/bootloader//libbootloader.a(cli_cmd.o)
                0x000080e4                Cmd_Meta_get
 .text.flash_write_cfg
                0x000081cc       0x50 components/bsp/soc/boot/bootloader//libbootloader.a(cli_cmd.o)
                0x000081cc                flash_write_cfg
 .text.Cmd_Meta_restore
                0x0000821c      0x144 components/bsp/soc/boot/bootloader//libbootloader.a(cli_cmd.o)
                0x0000821c                Cmd_Meta_restore
 .text.hex_dump
                0x00008360       0x7c components/bsp/soc/boot/bootloader//libbootloader.a(cli_cmd.o)
                0x00008360                hex_dump
 .text.Cmd_ReadReg32
                0x000083dc       0x64 components/bsp/soc/boot/bootloader//libbootloader.a(cli_cmd.o)
                0x000083dc                Cmd_ReadReg32
 .rodata.gCliCmdTable
                0x00008440       0x6c components/bsp/soc/boot/bootloader//libbootloader.a(cli_cmd.o)
                0x00008440                gCliCmdTable
 .text.hal_uart_irq_handler
                0x000084ac       0x5c components/bsp/soc/boot/bootloader//libbootloader.a(hal_uart.o)
 .text.hal_uart_register_isr
                0x00008508       0x40 components/bsp/soc/boot/bootloader//libbootloader.a(hal_uart.o)
                0x00008508                hal_uart_register_isr
 .text.hal_uart_init
                0x00008548       0x2c components/bsp/soc/boot/bootloader//libbootloader.a(hal_uart.o)
                0x00008548                hal_uart_init
 .text.hal_uart_deinit
                0x00008574        0x8 components/bsp/soc/boot/bootloader//libbootloader.a(hal_uart.o)
                0x00008574                hal_uart_deinit
 .text.hal_uart_set_format
                0x0000857c       0x44 components/bsp/soc/boot/bootloader//libbootloader.a(hal_uart.o)
                0x0000857c                hal_uart_set_format
 .text.hal_uart_direct_read_byte
                0x000085c0        0xc components/bsp/soc/boot/bootloader//libbootloader.a(hal_uart.o)
                0x000085c0                hal_uart_direct_read_byte
 .text.hal_uart_write_fifo
                0x000085cc       0xa8 components/bsp/soc/boot/bootloader//libbootloader.a(hal_uart.o)
                0x000085cc                hal_uart_write_fifo
 .text.hal_uart_read_fifo
                0x00008674       0x68 components/bsp/soc/boot/bootloader//libbootloader.a(hal_uart.o)
                0x00008674                hal_uart_read_fifo
 .text.hal_uart_sw_rst
                0x000086dc        0xc components/bsp/soc/boot/bootloader//libbootloader.a(hal_uart.o)
                0x000086dc                hal_uart_sw_rst
 .text.hal_uart_get_line_status
                0x000086e8        0xc components/bsp/soc/boot/bootloader//libbootloader.a(hal_uart.o)
                0x000086e8                hal_uart_get_line_status
 .text.hal_hsuart_irq_handler
                0x000086f4       0x7c components/bsp/soc/boot/bootloader//libbootloader.a(hal_hsuart.o)
 .text.hal_hsuart1_irq_handler
                0x00008770       0x7c components/bsp/soc/boot/bootloader//libbootloader.a(hal_hsuart.o)
 .text.hal_hsuart_register_isr_ex
                0x000087ec       0x48 components/bsp/soc/boot/bootloader//libbootloader.a(hal_hsuart.o)
                0x000087ec                hal_hsuart_register_isr_ex
 .text.hal_hsuart_init_ex
                0x00008834       0x38 components/bsp/soc/boot/bootloader//libbootloader.a(hal_hsuart.o)
                0x00008834                hal_hsuart_init_ex
 .text.hal_hsuart_deinit_ex
                0x0000886c       0x14 components/bsp/soc/boot/bootloader//libbootloader.a(hal_hsuart.o)
                0x0000886c                hal_hsuart_deinit_ex
 .text.hal_hsuart_set_format_ex
                0x00008880       0x6c components/bsp/soc/boot/bootloader//libbootloader.a(hal_hsuart.o)
                0x00008880                hal_hsuart_set_format_ex
 .text.hal_hsuart_write_fifo_ex
                0x000088ec       0xa4 components/bsp/soc/boot/bootloader//libbootloader.a(hal_hsuart.o)
                0x000088ec                hal_hsuart_write_fifo_ex
 .text.hal_hsuart_read_fifo_ex
                0x00008990       0x6c components/bsp/soc/boot/bootloader//libbootloader.a(hal_hsuart.o)
                0x00008990                hal_hsuart_read_fifo_ex
 .text.hal_hsuart_sw_rst_ex
                0x000089fc       0x20 components/bsp/soc/boot/bootloader//libbootloader.a(hal_hsuart.o)
                0x000089fc                hal_hsuart_sw_rst_ex
 .text.hal_hsuart_get_line_status_ex
                0x00008a1c        0xc components/bsp/soc/boot/bootloader//libbootloader.a(hal_hsuart.o)
                0x00008a1c                hal_hsuart_get_line_status_ex
 .text.hal_hsuart_direct_read_byte_ex
                0x00008a28        0xc components/bsp/soc/boot/bootloader//libbootloader.a(hal_hsuart.o)
                0x00008a28                hal_hsuart_direct_read_byte_ex
 .text.intc_irq_enable
                0x00008a34       0x40 components/bsp/soc/boot/bootloader//libbootloader.a(intc.o)
                0x00008a34                intc_irq_enable
 .text.intc_group02_irq_enable
                0x00008a74       0x38 components/bsp/soc/boot/bootloader//libbootloader.a(intc.o)
                0x00008a74                intc_group02_irq_enable
 .text.intc_group02_irq_disable
                0x00008aac       0x38 components/bsp/soc/boot/bootloader//libbootloader.a(intc.o)
                0x00008aac                intc_group02_irq_disable
 .text.intc_group31_irq_enable
                0x00008ae4       0x38 components/bsp/soc/boot/bootloader//libbootloader.a(intc.o)
                0x00008ae4                intc_group31_irq_enable
 .text.intc_group31_irq_disable
                0x00008b1c       0x38 components/bsp/soc/boot/bootloader//libbootloader.a(intc.o)
                0x00008b1c                intc_group31_irq_disable
 .text          0x00008b54        0x4 /home/yaguan/work/SV32WB0X/toolchain/nds32le-elf-mculib-v3s/bin/../lib/gcc/nds32le-elf/4.9.4/mcmodel-large/mext-dsp/libgcc.a(_udivdi3.o)
                0x00008b54                __udivdi3
 .text          0x00008b58      0x1b0 /home/yaguan/work/SV32WB0X/toolchain/nds32le-elf-mculib-v3s/bin/../lib/gcc/nds32le-elf/4.9.4/mcmodel-large/mext-dsp/libgcc.a(_udivmoddi4.o)
                0x00008bb0                __udivmoddi4
 .text          0x00008d08       0x18 /home/yaguan/work/SV32WB0X/toolchain/nds32le-elf-mculib-v3s/bin/../lib/gcc/nds32le-elf/4.9.4/mcmodel-large/mext-dsp/libgcc.a(_umoddi3.o)
                0x00008d08                __umoddi3
 .text          0x00008d20       0x54 /home/yaguan/work/SV32WB0X/toolchain/nds32le-elf-mculib-v3s/bin/../lib/gcc/nds32le-elf/4.9.4/mcmodel-large/mext-dsp/libgcc.a(_fixdfsi.o)
                0x00008d20                __fixdfsi
 *fill*         0x00008d74        0x0 
 .text          0x00008d74       0x50 /home/yaguan/work/SV32WB0X/toolchain/nds32le-elf-mculib-v3s/bin/../lib/gcc/nds32le-elf/4.9.4/mcmodel-large/mext-dsp/libgcc.a(_fixunsdfsi.o)
                0x00008d74                __fixunsdfsi
 .text          0x00008dc4       0x3c /home/yaguan/work/SV32WB0X/toolchain/nds32le-elf-mculib-v3s/bin/../lib/gcc/nds32le-elf/4.9.4/mcmodel-large/mext-dsp/libgcc.a(_popcountsi2.o)
                0x00008dc4                __popcountsi2
 .text          0x00008e00       0x6e /home/yaguan/work/SV32WB0X/toolchain/nds32le-elf-mculib-v3s/bin/../lib/gcc/nds32le-elf/4.9.4/mcmodel-large/mext-dsp/libgcc.a(eqdf2.o)
                0x00008e00                __eqdf2
                0x00008e00                __nedf2
 .text          0x00008e6e       0xa8 /home/yaguan/work/SV32WB0X/toolchain/nds32le-elf-mculib-v3s/bin/../lib/gcc/nds32le-elf/4.9.4/mcmodel-large/mext-dsp/libgcc.a(gedf2.o)
                0x00008e6e                __gtdf2
                0x00008e6e                __gedf2
 .text          0x00008f16       0xa8 /home/yaguan/work/SV32WB0X/toolchain/nds32le-elf-mculib-v3s/bin/../lib/gcc/nds32le-elf/4.9.4/mcmodel-large/mext-dsp/libgcc.a(ledf2.o)
                0x00008f16                __ltdf2
                0x00008f16                __ledf2
 *fill*         0x00008fbe        0x2 
 .text          0x00008fc0      0x4a8 /home/yaguan/work/SV32WB0X/toolchain/nds32le-elf-mculib-v3s/bin/../lib/gcc/nds32le-elf/4.9.4/mcmodel-large/mext-dsp/libgcc.a(muldf3.o)
                0x00008fc0                __muldf3
 .text          0x00009468      0x6a2 /home/yaguan/work/SV32WB0X/toolchain/nds32le-elf-mculib-v3s/bin/../lib/gcc/nds32le-elf/4.9.4/mcmodel-large/mext-dsp/libgcc.a(subdf3.o)
                0x00009468                __subdf3
 .text          0x00009b0a       0x6c /home/yaguan/work/SV32WB0X/toolchain/nds32le-elf-mculib-v3s/bin/../lib/gcc/nds32le-elf/4.9.4/mcmodel-large/mext-dsp/libgcc.a(floatsidf.o)
                0x00009b0a                __floatsidf
 .text          0x00009b76       0x5c /home/yaguan/work/SV32WB0X/toolchain/nds32le-elf-mculib-v3s/bin/../lib/gcc/nds32le-elf/4.9.4/mcmodel-large/mext-dsp/libgcc.a(floatunsidf.o)
                0x00009b76                __floatunsidf
 *fill*         0x00009bd2        0x2 
 .rodata.str1.4
                0x00009bd4       0x3f /home/yaguan/work/SV32WB0X/toolchain/nds32le-elf-mculib-v3s/bin/../lib/gcc/nds32le-elf/4.9.4/../../../../nds32le-elf/lib/mcmodel-large/mext-dsp/libc.a(lib_a-assert.o)
                                 0x44 (size before relaxing)
 *fill*         0x00009c13        0x1 
 .text.__assert_func
                0x00009c14       0x2e /home/yaguan/work/SV32WB0X/toolchain/nds32le-elf-mculib-v3s/bin/../lib/gcc/nds32le-elf/4.9.4/../../../../nds32le-elf/lib/mcmodel-large/mext-dsp/libc.a(lib_a-assert.o)
                0x00009c14                __assert_func
 *fill*         0x00009c42        0x2 
 .text          0x00009c44        0x8 /home/yaguan/work/SV32WB0X/toolchain/nds32le-elf-mculib-v3s/bin/../lib/gcc/nds32le-elf/4.9.4/../../../../nds32le-elf/lib/mcmodel-large/mext-dsp/libc.a(lib_a-atoi.o)
                0x00009c44                atoi
 .text.__sflush_r
                0x00009c4c      0x128 /home/yaguan/work/SV32WB0X/toolchain/nds32le-elf-mculib-v3s/bin/../lib/gcc/nds32le-elf/4.9.4/../../../../nds32le-elf/lib/mcmodel-large/mext-dsp/libc.a(lib_a-fflush.o)
                0x00009c4c                __sflush_r
 .text._fflush_r
                0x00009d74       0x24 /home/yaguan/work/SV32WB0X/toolchain/nds32le-elf-mculib-v3s/bin/../lib/gcc/nds32le-elf/4.9.4/../../../../nds32le-elf/lib/mcmodel-large/mext-dsp/libc.a(lib_a-fflush.o)
                0x00009d74                _fflush_r
 .text.fflush   0x00009d98       0x1c /home/yaguan/work/SV32WB0X/toolchain/nds32le-elf-mculib-v3s/bin/../lib/gcc/nds32le-elf/4.9.4/../../../../nds32le-elf/lib/mcmodel-large/mext-dsp/libc.a(lib_a-fflush.o)
                0x00009d98                fflush
 .text._cleanup_r
                0x00009db4        0xc /home/yaguan/work/SV32WB0X/toolchain/nds32le-elf-mculib-v3s/bin/../lib/gcc/nds32le-elf/4.9.4/../../../../nds32le-elf/lib/mcmodel-large/mext-dsp/libc.a(lib_a-findfp.o)
                0x00009db4                _cleanup_r
 .text.__sinit  0x00009dc0       0xdc /home/yaguan/work/SV32WB0X/toolchain/nds32le-elf-mculib-v3s/bin/../lib/gcc/nds32le-elf/4.9.4/../../../../nds32le-elf/lib/mcmodel-large/mext-dsp/libc.a(lib_a-findfp.o)
                0x00009dc0                __sinit
 .text.__sfp_lock_acquire
                0x00009e9c        0x2 /home/yaguan/work/SV32WB0X/toolchain/nds32le-elf-mculib-v3s/bin/../lib/gcc/nds32le-elf/4.9.4/../../../../nds32le-elf/lib/mcmodel-large/mext-dsp/libc.a(lib_a-findfp.o)
                0x00009e9c                __sfp_lock_acquire
 .text.__sfp_lock_release
                0x00009e9e        0x2 /home/yaguan/work/SV32WB0X/toolchain/nds32le-elf-mculib-v3s/bin/../lib/gcc/nds32le-elf/4.9.4/../../../../nds32le-elf/lib/mcmodel-large/mext-dsp/libc.a(lib_a-findfp.o)
                0x00009e9e                __sfp_lock_release
 .text.fiprintf
                0x00009ea0       0x14 /home/yaguan/work/SV32WB0X/toolchain/nds32le-elf-mculib-v3s/bin/../lib/gcc/nds32le-elf/4.9.4/../../../../nds32le-elf/lib/mcmodel-large/mext-dsp/libc.a(lib_a-fiprintf.o)
                0x00009ea0                fiprintf
 .text._fwalk_reent
                0x00009eb4       0x40 /home/yaguan/work/SV32WB0X/toolchain/nds32le-elf-mculib-v3s/bin/../lib/gcc/nds32le-elf/4.9.4/../../../../nds32le-elf/lib/mcmodel-large/mext-dsp/libc.a(lib_a-fwalk.o)
                0x00009eb4                _fwalk_reent
 .text.malloc   0x00009ef4        0xe /home/yaguan/work/SV32WB0X/toolchain/nds32le-elf-mculib-v3s/bin/../lib/gcc/nds32le-elf/4.9.4/../../../../nds32le-elf/lib/mcmodel-large/mext-dsp/libc.a(lib_a-malloc.o)
                0x00009ef4                malloc
 .text.free     0x00009f02        0xe /home/yaguan/work/SV32WB0X/toolchain/nds32le-elf-mculib-v3s/bin/../lib/gcc/nds32le-elf/4.9.4/../../../../nds32le-elf/lib/mcmodel-large/mext-dsp/libc.a(lib_a-malloc.o)
                0x00009f02                free
 *fill*         0x00009f10        0x0 
 .text          0x00009f10       0x3c /home/yaguan/work/SV32WB0X/toolchain/nds32le-elf-mculib-v3s/bin/../lib/gcc/nds32le-elf/4.9.4/../../../../nds32le-elf/lib/mcmodel-large/mext-dsp/libc.a(lib_a-memcmp.o)
                0x00009f10                memcmp
 .text          0x00009f4c       0x68 /home/yaguan/work/SV32WB0X/toolchain/nds32le-elf-mculib-v3s/bin/../lib/gcc/nds32le-elf/4.9.4/../../../../nds32le-elf/lib/mcmodel-large/mext-dsp/libc.a(lib_a-memcpy.o)
                0x00009f4c                memcpy
 .text          0x00009fb4       0x74 /home/yaguan/work/SV32WB0X/toolchain/nds32le-elf-mculib-v3s/bin/../lib/gcc/nds32le-elf/4.9.4/../../../../nds32le-elf/lib/mcmodel-large/mext-dsp/libc.a(lib_a-memset.o)
                0x00009fb4                memset
 .text._free_r  0x0000a028       0x78 /home/yaguan/work/SV32WB0X/toolchain/nds32le-elf-mculib-v3s/bin/../lib/gcc/nds32le-elf/4.9.4/../../../../nds32le-elf/lib/mcmodel-large/mext-dsp/libc.a(lib_a-nano-freer.o)
                0x0000a028                _free_r
 .text._malloc_r
                0x0000a0a0       0xa6 /home/yaguan/work/SV32WB0X/toolchain/nds32le-elf-mculib-v3s/bin/../lib/gcc/nds32le-elf/4.9.4/../../../../nds32le-elf/lib/mcmodel-large/mext-dsp/libc.a(lib_a-nano-mallocr.o)
                0x0000a0a0                _malloc_r
 .text._sbrk_r  0x0000a146       0x1e /home/yaguan/work/SV32WB0X/toolchain/nds32le-elf-mculib-v3s/bin/../lib/gcc/nds32le-elf/4.9.4/../../../../nds32le-elf/lib/mcmodel-large/mext-dsp/libc.a(lib_a-sbrkr.o)
                0x0000a146                _sbrk_r
 .text.__sread  0x0000a164       0x24 /home/yaguan/work/SV32WB0X/toolchain/nds32le-elf-mculib-v3s/bin/../lib/gcc/nds32le-elf/4.9.4/../../../../nds32le-elf/lib/mcmodel-large/mext-dsp/libc.a(lib_a-stdio.o)
                0x0000a164                __sread
 .text.__swrite
                0x0000a188       0x36 /home/yaguan/work/SV32WB0X/toolchain/nds32le-elf-mculib-v3s/bin/../lib/gcc/nds32le-elf/4.9.4/../../../../nds32le-elf/lib/mcmodel-large/mext-dsp/libc.a(lib_a-stdio.o)
                0x0000a188                __swrite
 .text.__sseek  0x0000a1be       0x26 /home/yaguan/work/SV32WB0X/toolchain/nds32le-elf-mculib-v3s/bin/../lib/gcc/nds32le-elf/4.9.4/../../../../nds32le-elf/lib/mcmodel-large/mext-dsp/libc.a(lib_a-stdio.o)
                0x0000a1be                __sseek
 .text.__sclose
                0x0000a1e4        0xc /home/yaguan/work/SV32WB0X/toolchain/nds32le-elf-mculib-v3s/bin/../lib/gcc/nds32le-elf/4.9.4/../../../../nds32le-elf/lib/mcmodel-large/mext-dsp/libc.a(lib_a-stdio.o)
                0x0000a1e4                __sclose
 *fill*         0x0000a1f0        0x0 
 .text          0x0000a1f0       0x10 /home/yaguan/work/SV32WB0X/toolchain/nds32le-elf-mculib-v3s/bin/../lib/gcc/nds32le-elf/4.9.4/../../../../nds32le-elf/lib/mcmodel-large/mext-dsp/libc.a(lib_a-strchr.o)
                0x0000a1f0                strchr
 .text          0x0000a200       0x1c /home/yaguan/work/SV32WB0X/toolchain/nds32le-elf-mculib-v3s/bin/../lib/gcc/nds32le-elf/4.9.4/../../../../nds32le-elf/lib/mcmodel-large/mext-dsp/libc.a(lib_a-strcmp.o)
                0x0000a200                strcmp
 .text          0x0000a21c       0x14 /home/yaguan/work/SV32WB0X/toolchain/nds32le-elf-mculib-v3s/bin/../lib/gcc/nds32le-elf/4.9.4/../../../../nds32le-elf/lib/mcmodel-large/mext-dsp/libc.a(lib_a-strcpy.o)
                0x0000a21c                strcpy
 .text          0x0000a230       0x18 /home/yaguan/work/SV32WB0X/toolchain/nds32le-elf-mculib-v3s/bin/../lib/gcc/nds32le-elf/4.9.4/../../../../nds32le-elf/lib/mcmodel-large/mext-dsp/libc.a(lib_a-strcspn.o)
                0x0000a230                strcspn
 .text          0x0000a248        0xc /home/yaguan/work/SV32WB0X/toolchain/nds32le-elf-mculib-v3s/bin/../lib/gcc/nds32le-elf/4.9.4/../../../../nds32le-elf/lib/mcmodel-large/mext-dsp/libc.a(lib_a-strlen.o)
                0x0000a248                strlen
 .text          0x0000a254       0x1c /home/yaguan/work/SV32WB0X/toolchain/nds32le-elf-mculib-v3s/bin/../lib/gcc/nds32le-elf/4.9.4/../../../../nds32le-elf/lib/mcmodel-large/mext-dsp/libc.a(lib_a-strspn.o)
                0x0000a254                strspn
 .text.strtol   0x0000a270        0xa /home/yaguan/work/SV32WB0X/toolchain/nds32le-elf-mculib-v3s/bin/../lib/gcc/nds32le-elf/4.9.4/../../../../nds32le-elf/lib/mcmodel-large/mext-dsp/libc.a(lib_a-strtol.o)
                0x0000a270                strtol
 .text.strtol_common
                0x0000a27a      0x134 /home/yaguan/work/SV32WB0X/toolchain/nds32le-elf-mculib-v3s/bin/../lib/gcc/nds32le-elf/4.9.4/../../../../nds32le-elf/lib/mcmodel-large/mext-dsp/libc.a(lib_a-strtol_common.o)
                0x0000a27a                strtol_common
 .text.strtoul  0x0000a3ae        0xa /home/yaguan/work/SV32WB0X/toolchain/nds32le-elf-mculib-v3s/bin/../lib/gcc/nds32le-elf/4.9.4/../../../../nds32le-elf/lib/mcmodel-large/mext-dsp/libc.a(lib_a-strtoul.o)
                0x0000a3ae                strtoul
 .text.__sprint_r
                0x0000a3b8       0x1e /home/yaguan/work/SV32WB0X/toolchain/nds32le-elf-mculib-v3s/bin/../lib/gcc/nds32le-elf/4.9.4/../../../../nds32le-elf/lib/mcmodel-large/mext-dsp/libc.a(lib_a-vfiprintf.o)
                0x0000a3b8                __sprint_r
 *fill*         0x0000a3d6        0x2 
 .rodata.str1.4
                0x0000a3d8       0x28 /home/yaguan/work/SV32WB0X/toolchain/nds32le-elf-mculib-v3s/bin/../lib/gcc/nds32le-elf/4.9.4/../../../../nds32le-elf/lib/mcmodel-large/mext-dsp/libc.a(lib_a-vfiprintf.o)
 .text._vfiprintf_r
                0x0000a400      0x8d8 /home/yaguan/work/SV32WB0X/toolchain/nds32le-elf-mculib-v3s/bin/../lib/gcc/nds32le-elf/4.9.4/../../../../nds32le-elf/lib/mcmodel-large/mext-dsp/libc.a(lib_a-vfiprintf.o)
                0x0000a400                _vfiprintf_r
 .text.__sbprintf
                0x0000acd8       0x6a /home/yaguan/work/SV32WB0X/toolchain/nds32le-elf-mculib-v3s/bin/../lib/gcc/nds32le-elf/4.9.4/../../../../nds32le-elf/lib/mcmodel-large/mext-dsp/libc.a(lib_a-vfiprintf.o)
 *fill*         0x0000ad42        0x2 
 .rodata.zeroes.4502
                0x0000ad44       0x10 /home/yaguan/work/SV32WB0X/toolchain/nds32le-elf-mculib-v3s/bin/../lib/gcc/nds32le-elf/4.9.4/../../../../nds32le-elf/lib/mcmodel-large/mext-dsp/libc.a(lib_a-vfiprintf.o)
 .rodata.blanks.4501
                0x0000ad54       0x10 /home/yaguan/work/SV32WB0X/toolchain/nds32le-elf-mculib-v3s/bin/../lib/gcc/nds32le-elf/4.9.4/../../../../nds32le-elf/lib/mcmodel-large/mext-dsp/libc.a(lib_a-vfiprintf.o)
 .text._write_r
                0x0000ad64       0x22 /home/yaguan/work/SV32WB0X/toolchain/nds32le-elf-mculib-v3s/bin/../lib/gcc/nds32le-elf/4.9.4/../../../../nds32le-elf/lib/mcmodel-large/mext-dsp/libc.a(lib_a-writer.o)
                0x0000ad64                _write_r
 .text.__swsetup_r
                0x0000ad86       0xae /home/yaguan/work/SV32WB0X/toolchain/nds32le-elf-mculib-v3s/bin/../lib/gcc/nds32le-elf/4.9.4/../../../../nds32le-elf/lib/mcmodel-large/mext-dsp/libc.a(lib_a-wsetup.o)
                0x0000ad86                __swsetup_r
 .text.abort    0x0000ae34        0xa /home/yaguan/work/SV32WB0X/toolchain/nds32le-elf-mculib-v3s/bin/../lib/gcc/nds32le-elf/4.9.4/../../../../nds32le-elf/lib/mcmodel-large/mext-dsp/libc.a(lib_a-abort.o)
                0x0000ae34                abort
 .text._close_r
                0x0000ae3e       0x1e /home/yaguan/work/SV32WB0X/toolchain/nds32le-elf-mculib-v3s/bin/../lib/gcc/nds32le-elf/4.9.4/../../../../nds32le-elf/lib/mcmodel-large/mext-dsp/libc.a(lib_a-closer.o)
                0x0000ae3e                _close_r
 .text._fclose_r
                0x0000ae5c       0x86 /home/yaguan/work/SV32WB0X/toolchain/nds32le-elf-mculib-v3s/bin/../lib/gcc/nds32le-elf/4.9.4/../../../../nds32le-elf/lib/mcmodel-large/mext-dsp/libc.a(lib_a-fclose.o)
                0x0000ae5c                _fclose_r
 .text.__sfvwrite_r
                0x0000aee2      0x2a6 /home/yaguan/work/SV32WB0X/toolchain/nds32le-elf-mculib-v3s/bin/../lib/gcc/nds32le-elf/4.9.4/../../../../nds32le-elf/lib/mcmodel-large/mext-dsp/libc.a(lib_a-fvwrite.o)
                0x0000aee2                __sfvwrite_r
 .text._lseek_r
                0x0000b188       0x22 /home/yaguan/work/SV32WB0X/toolchain/nds32le-elf-mculib-v3s/bin/../lib/gcc/nds32le-elf/4.9.4/../../../../nds32le-elf/lib/mcmodel-large/mext-dsp/libc.a(lib_a-lseekr.o)
                0x0000b188                _lseek_r
 .text.__smakebuf_r
                0x0000b1aa       0xe0 /home/yaguan/work/SV32WB0X/toolchain/nds32le-elf-mculib-v3s/bin/../lib/gcc/nds32le-elf/4.9.4/../../../../nds32le-elf/lib/mcmodel-large/mext-dsp/libc.a(lib_a-makebuf.o)
                0x0000b1aa                __smakebuf_r
 *fill*         0x0000b28a        0x2 
 .text          0x0000b28c       0x18 /home/yaguan/work/SV32WB0X/toolchain/nds32le-elf-mculib-v3s/bin/../lib/gcc/nds32le-elf/4.9.4/../../../../nds32le-elf/lib/mcmodel-large/mext-dsp/libc.a(lib_a-memchr.o)
                0x0000b28c                memchr
 .text          0x0000b2a4       0xb0 /home/yaguan/work/SV32WB0X/toolchain/nds32le-elf-mculib-v3s/bin/../lib/gcc/nds32le-elf/4.9.4/../../../../nds32le-elf/lib/mcmodel-large/mext-dsp/libc.a(lib_a-memmove.o)
                0x0000b2a4                memmove
 .text._realloc_r
                0x0000b354       0x4a /home/yaguan/work/SV32WB0X/toolchain/nds32le-elf-mculib-v3s/bin/../lib/gcc/nds32le-elf/4.9.4/../../../../nds32le-elf/lib/mcmodel-large/mext-dsp/libc.a(lib_a-nano-reallocr.o)
                0x0000b354                _realloc_r
 .text.nds_isalpha
                0x0000b39e        0xe /home/yaguan/work/SV32WB0X/toolchain/nds32le-elf-mculib-v3s/bin/../lib/gcc/nds32le-elf/4.9.4/../../../../nds32le-elf/lib/mcmodel-large/mext-dsp/libc.a(lib_a-nds_isalpha.o)
                0x0000b39e                nds_isalpha
 .text.nds_isdigit
                0x0000b3ac        0xa /home/yaguan/work/SV32WB0X/toolchain/nds32le-elf-mculib-v3s/bin/../lib/gcc/nds32le-elf/4.9.4/../../../../nds32le-elf/lib/mcmodel-large/mext-dsp/libc.a(lib_a-nds_isdigit.o)
                0x0000b3ac                nds_isdigit
 .text.nds_isspace
                0x0000b3b6       0x10 /home/yaguan/work/SV32WB0X/toolchain/nds32le-elf-mculib-v3s/bin/../lib/gcc/nds32le-elf/4.9.4/../../../../nds32le-elf/lib/mcmodel-large/mext-dsp/libc.a(lib_a-nds_isspace.o)
                0x0000b3b6                nds_isspace
 .text.nds_isupper
                0x0000b3c6        0xa /home/yaguan/work/SV32WB0X/toolchain/nds32le-elf-mculib-v3s/bin/../lib/gcc/nds32le-elf/4.9.4/../../../../nds32le-elf/lib/mcmodel-large/mext-dsp/libc.a(lib_a-nds_isupper.o)
                0x0000b3c6                nds_isupper
 .text._read_r  0x0000b3d0       0x22 /home/yaguan/work/SV32WB0X/toolchain/nds32le-elf-mculib-v3s/bin/../lib/gcc/nds32le-elf/4.9.4/../../../../nds32le-elf/lib/mcmodel-large/mext-dsp/libc.a(lib_a-readr.o)
                0x0000b3d0                _read_r
 .text._fstat_r
                0x0000b3f2       0x20 /home/yaguan/work/SV32WB0X/toolchain/nds32le-elf-mculib-v3s/bin/../lib/gcc/nds32le-elf/4.9.4/../../../../nds32le-elf/lib/mcmodel-large/mext-dsp/libc.a(lib_a-fstatr.o)
                0x0000b3f2                _fstat_r
 .text._isatty_r
                0x0000b412       0x1e /home/yaguan/work/SV32WB0X/toolchain/nds32le-elf-mculib-v3s/bin/../lib/gcc/nds32le-elf/4.9.4/../../../../nds32le-elf/lib/mcmodel-large/mext-dsp/libc.a(lib_a-isattyr.o)
                0x0000b412                _isatty_r
 .text._malloc_usable_size_r
                0x0000b430       0x14 /home/yaguan/work/SV32WB0X/toolchain/nds32le-elf-mculib-v3s/bin/../lib/gcc/nds32le-elf/4.9.4/../../../../nds32le-elf/lib/mcmodel-large/mext-dsp/libc.a(lib_a-nano-msizer.o)
                0x0000b430                _malloc_usable_size_r
 .text          0x0000b444        0x8 /home/yaguan/work/SV32WB0X/toolchain/nds32le-elf-mculib-v3s/bin/../lib/gcc/nds32le-elf/4.9.4/../../../../nds32le-elf/lib/mcmodel-large/mext-dsp/libgloss.a(_exit.o)
                0x0000b444                _exit
 .text          0x0000b44c        0x8 /home/yaguan/work/SV32WB0X/toolchain/nds32le-elf-mculib-v3s/bin/../lib/gcc/nds32le-elf/4.9.4/../../../../nds32le-elf/lib/mcmodel-large/mext-dsp/libgloss.a(_close.o)
                0x0000b44c                _close
 .text          0x0000b454        0x8 /home/yaguan/work/SV32WB0X/toolchain/nds32le-elf-mculib-v3s/bin/../lib/gcc/nds32le-elf/4.9.4/../../../../nds32le-elf/lib/mcmodel-large/mext-dsp/libgloss.a(_read.o)
                0x0000b454                _read
 .text          0x0000b45c        0x8 /home/yaguan/work/SV32WB0X/toolchain/nds32le-elf-mculib-v3s/bin/../lib/gcc/nds32le-elf/4.9.4/../../../../nds32le-elf/lib/mcmodel-large/mext-dsp/libgloss.a(_write.o)
                0x0000b45c                _write
 .text          0x0000b464        0x8 /home/yaguan/work/SV32WB0X/toolchain/nds32le-elf-mculib-v3s/bin/../lib/gcc/nds32le-elf/4.9.4/../../../../nds32le-elf/lib/mcmodel-large/mext-dsp/libgloss.a(_lseek.o)
                0x0000b464                _lseek
 .text          0x0000b46c        0x8 /home/yaguan/work/SV32WB0X/toolchain/nds32le-elf-mculib-v3s/bin/../lib/gcc/nds32le-elf/4.9.4/../../../../nds32le-elf/lib/mcmodel-large/mext-dsp/libgloss.a(_fstat.o)
                0x0000b46c                _fstat
 .text          0x0000b474       0x14 /home/yaguan/work/SV32WB0X/toolchain/nds32le-elf-mculib-v3s/bin/../lib/gcc/nds32le-elf/4.9.4/../../../../nds32le-elf/lib/mcmodel-large/mext-dsp/libgloss.a(_isatty.o)
                0x0000b474                _isatty
 .text          0x0000b488       0x30 /home/yaguan/work/SV32WB0X/toolchain/nds32le-elf-mculib-v3s/bin/../lib/gcc/nds32le-elf/4.9.4/../../../../nds32le-elf/lib/mcmodel-large/mext-dsp/libgloss.a(_sbrk.o)
                0x0000b488                _sbrk
 .text          0x0000b4b8       0x10 /home/yaguan/work/SV32WB0X/toolchain/nds32le-elf-mculib-v3s/bin/../lib/gcc/nds32le-elf/4.9.4/../../../../nds32le-elf/lib/mcmodel-large/mext-dsp/libgloss.a(syscall_error_handler.o)
                0x0000b4b8                __syscall_error_handler
                0x0000b4c8                . = ALIGN (0x4)
                0x0000b4c8                __fast_end = .
                0x0000b4c8                ILM_SIZE = (. - ILM_BEGIN)

.rela.dyn       0x0000b4c8        0x0 load address 0x3000b738
 .rela.text._boot_init
                0x00000000        0x0 /tmp/ccacfcQU.o
 .rela.text.custom_upgrade
                0x00000000        0x0 /tmp/ccacfcQU.o
 .rela.text.chip_init
                0x00000000        0x0 /tmp/ccacfcQU.o
 .rela.text.ota_c_code
                0x00000000        0x0 /tmp/ccacfcQU.o
 .rela.text.fota_fs_upgrade
                0x00000000        0x0 /tmp/ccacfcQU.o
 .rela.text.uart_fw_upgrade
                0x00000000        0x0 /tmp/ccacfcQU.o
 .rela.text.tiny_vprintf_help
                0x00000000        0x0 /tmp/ccacfcQU.o
 .rela.text.tiny_vprintf
                0x00000000        0x0 /tmp/ccacfcQU.o
 .rela.text.tiny_printf
                0x00000000        0x0 /tmp/ccacfcQU.o
 .rela.text.tiny_do_printf
                0x00000000        0x0 /tmp/ccacfcQU.o
 .rela.text._block_read
                0x00000000        0x0 /tmp/ccacfcQU.o
 .rela.text.OTA_LITTLEFS_init
                0x00000000        0x0 /tmp/ccacfcQU.o
 .rela.text.OTA_LITTLEFS_find_and_check
                0x00000000        0x0 /tmp/ccacfcQU.o
 .rela.text.OTA_LIEELEFS_find_and_update
                0x00000000        0x0 /tmp/ccacfcQU.o
 .rela.text.drv_uart_tx_0
                0x00000000        0x0 /tmp/ccacfcQU.o
 .rela.text.Cli_Reset_Buf
                0x00000000        0x0 /tmp/ccacfcQU.o
 .rela.text.Cli_Init
                0x00000000        0x0 /tmp/ccacfcQU.o
 .rela.text.getDatafromUart
                0x00000000        0x0 /tmp/ccacfcQU.o
 .rela.text.Cli_Start
                0x00000000        0x0 /tmp/ccacfcQU.o
 .rela.text.comport_uart_register_isr
                0x00000000        0x0 /tmp/ccacfcQU.o
 .rela.text.comport_uart_init
                0x00000000        0x0 /tmp/ccacfcQU.o
 .rela.text.comport_uart_deinit
                0x00000000        0x0 /tmp/ccacfcQU.o
 .rela.text.comport_uart_set_format
                0x00000000        0x0 /tmp/ccacfcQU.o
 .rela.text.comport_uart_write_fifo
                0x00000000        0x0 /tmp/ccacfcQU.o
 .rela.text.comport_uart_read_fifo
                0x00000000        0x0 /tmp/ccacfcQU.o
 .rela.text.comport_uart_sw_rst
                0x00000000        0x0 /tmp/ccacfcQU.o
 .rela.text.comport_uart_get_line_status
                0x00000000        0x0 /tmp/ccacfcQU.o
 .rela.text.comport_uart_is_receiver_available
                0x00000000        0x0 /tmp/ccacfcQU.o
 .rela.text.comport_uart_is_transmitter_idle
                0x00000000        0x0 /tmp/ccacfcQU.o
 .rela.text.comport_uart_direct_read_byte
                0x00000000        0x0 /tmp/ccacfcQU.o
 .rela.text.comport_hsuart_register_isr
                0x00000000        0x0 /tmp/ccacfcQU.o
 .rela.text.comport_hsuart_init
                0x00000000        0x0 /tmp/ccacfcQU.o
 .rela.text.comport_hsuart_deinit
                0x00000000        0x0 /tmp/ccacfcQU.o
 .rela.text.comport_hsuart_set_format
                0x00000000        0x0 /tmp/ccacfcQU.o
 .rela.text.comport_hsuart_write_fifo
                0x00000000        0x0 /tmp/ccacfcQU.o
 .rela.text.comport_hsuart_read_fifo
                0x00000000        0x0 /tmp/ccacfcQU.o
 .rela.text.comport_hsuart_sw_rst
                0x00000000        0x0 /tmp/ccacfcQU.o
 .rela.text.comport_hsuart_get_line_status
                0x00000000        0x0 /tmp/ccacfcQU.o
 .rela.text.comport_hsuart_is_receiver_available
                0x00000000        0x0 /tmp/ccacfcQU.o
 .rela.text.comport_hsuart_is_transmitter_idle
                0x00000000        0x0 /tmp/ccacfcQU.o
 .rela.text.comport_hsuart_direct_read_byte
                0x00000000        0x0 /tmp/ccacfcQU.o
 .rela.text._ntoa_long_long
                0x00000000        0x0 /tmp/ccacfcQU.o
 .rela.text._vsnprintf
                0x00000000        0x0 /tmp/ccacfcQU.o
 .rela.text     0x00000000        0x0 /tmp/ccacfcQU.o
 .rela.ota_boot_hdr
                0x00000000        0x0 /tmp/ccacfcQU.o
 .rela.ota_vector
                0x00000000        0x0 /tmp/ccacfcQU.o
 .rela.ota_boot
                0x00000000        0x0 /tmp/ccacfcQU.o
 .rela.text._ota_nds32_init_mem
                0x00000000        0x0 /tmp/ccacfcQU.o
 .rela.ota_fast_boot_code
                0x00000000        0x0 /tmp/ccacfcQU.o
 .rela.text._ota_soc_clk_init
                0x00000000        0x0 /tmp/ccacfcQU.o
 .rela.text.serial_init
                0x00000000        0x0 /tmp/ccacfcQU.o
 .rela.text.MD5_Update
                0x00000000        0x0 /tmp/ccacfcQU.o
 .rela.text.MD5_Final
                0x00000000        0x0 /tmp/ccacfcQU.o
 .rela.text._inbyte
                0x00000000        0x0 /tmp/ccacfcQU.o
 .rela.text.xmodemReceive
                0x00000000        0x0 /tmp/ccacfcQU.o
 .rela.text.lfs_deinit
                0x00000000        0x0 /tmp/ccacfcQU.o
 .rela.text.lfs_init
                0x00000000        0x0 /tmp/ccacfcQU.o
 .rela.text.lfs_bd_read.isra.13
                0x00000000        0x0 /tmp/ccacfcQU.o
 .rela.text.lfs_dir_fetchmatch
                0x00000000        0x0 /tmp/ccacfcQU.o
 .rela.text.lfs_fs_preporphans.isra.14
                0x00000000        0x0 /tmp/ccacfcQU.o
 .rela.text.lfs_bd_erase.isra.16
                0x00000000        0x0 /tmp/ccacfcQU.o
 .rela.text.lfs_ctz_index.isra.23
                0x00000000        0x0 /tmp/ccacfcQU.o
 .rela.text.lfs_bd_flush
                0x00000000        0x0 /tmp/ccacfcQU.o
 .rela.text.lfs_bd_prog
                0x00000000        0x0 /tmp/ccacfcQU.o
 .rela.text.lfs_dir_commitprog
                0x00000000        0x0 /tmp/ccacfcQU.o
 .rela.text.lfs_dir_commitcrc
                0x00000000        0x0 /tmp/ccacfcQU.o
 .rela.text.lfs_dir_getslice
                0x00000000        0x0 /tmp/ccacfcQU.o
 .rela.text.lfs_dir_find
                0x00000000        0x0 /tmp/ccacfcQU.o
 .rela.text.lfs_dir_getinfo
                0x00000000        0x0 /tmp/ccacfcQU.o
 .rela.text.lfs_dir_getread.constprop.33
                0x00000000        0x0 /tmp/ccacfcQU.o
 .rela.text.lfs_dir_read
                0x00000000        0x0 /tmp/ccacfcQU.o
 .rela.text.lfs_file_tell
                0x00000000        0x0 /tmp/ccacfcQU.o
 .rela.text.lfs_file_size
                0x00000000        0x0 /tmp/ccacfcQU.o
 .rela.text.lfs_mount
                0x00000000        0x0 /tmp/ccacfcQU.o
 .rela.text.lfs_fs_traverseraw
                0x00000000        0x0 /tmp/ccacfcQU.o
 .rela.text.lfs_alloc
                0x00000000        0x0 /tmp/ccacfcQU.o
 .rela.text.lfs_file_relocate
                0x00000000        0x0 /tmp/ccacfcQU.o
 .rela.text.lfs_file_write
                0x00000000        0x0 /tmp/ccacfcQU.o
 .rela.text.lfs_file_flush
                0x00000000        0x0 /tmp/ccacfcQU.o
 .rela.text.lfs_file_read
                0x00000000        0x0 /tmp/ccacfcQU.o
 .rela.text.lfs_file_seek
                0x00000000        0x0 /tmp/ccacfcQU.o
 .rela.text.lfs_file_truncate
                0x00000000        0x0 /tmp/ccacfcQU.o
 .rela.text.lfs_dir_compact
                0x00000000        0x0 /tmp/ccacfcQU.o
 .rela.text.lfs_dir_commit
                0x00000000        0x0 /tmp/ccacfcQU.o
 .rela.text.lfs_fs_forceconsistency
                0x00000000        0x0 /tmp/ccacfcQU.o
 .rela.text.lfs_mkdir
                0x00000000        0x0 /tmp/ccacfcQU.o
 .rela.text.lfs_file_sync
                0x00000000        0x0 /tmp/ccacfcQU.o
 .rela.text.lfs_file_close
                0x00000000        0x0 /tmp/ccacfcQU.o
 .rela.text.lfs_file_opencfg
                0x00000000        0x0 /tmp/ccacfcQU.o
 .rela.text.lfs_rename
                0x00000000        0x0 /tmp/ccacfcQU.o
 .rela.text.lfs_format
                0x00000000        0x0 /tmp/ccacfcQU.o
 .rela.text.Cmd_WriteReg32
                0x00000000        0x0 /tmp/ccacfcQU.o
 .rela.text.Cmd_test
                0x00000000        0x0 /tmp/ccacfcQU.o
 .rela.text.Cmd_Meta_backup
                0x00000000        0x0 /tmp/ccacfcQU.o
 .rela.text.Cmd_Meta_get
                0x00000000        0x0 /tmp/ccacfcQU.o
 .rela.text.cfg_sa_write_cfg
                0x00000000        0x0 /tmp/ccacfcQU.o
 .rela.text.flash_write_cfg
                0x00000000        0x0 /tmp/ccacfcQU.o
 .rela.text.Cmd_Meta_restore
                0x00000000        0x0 /tmp/ccacfcQU.o
 .rela.text.Cmd_ReadReg32
                0x00000000        0x0 /tmp/ccacfcQU.o
 .rela.text.hal_uart_init
                0x00000000        0x0 /tmp/ccacfcQU.o
 .rela.text.hal_uart_deinit
                0x00000000        0x0 /tmp/ccacfcQU.o
 .rela.text.hal_uart_set_format
                0x00000000        0x0 /tmp/ccacfcQU.o
 .rela.text.hal_hsuart_init
                0x00000000        0x0 /tmp/ccacfcQU.o
 .rela.text.hal_hsuart_deinit
                0x00000000        0x0 /tmp/ccacfcQU.o
 .rela.text.hal_hsuart_set_format
                0x00000000        0x0 /tmp/ccacfcQU.o
 .rela.text.hal_hsuart_init_ex
                0x00000000        0x0 /tmp/ccacfcQU.o
 .rela.text.hal_hsuart_deinit_ex
                0x00000000        0x0 /tmp/ccacfcQU.o
 .rela.text.hal_hsuart_set_format_ex
                0x00000000        0x0 /tmp/ccacfcQU.o
 .rela.text.intc_init
                0x00000000        0x0 /tmp/ccacfcQU.o
 .rela.text.intc_register_isr
                0x00000000        0x0 /tmp/ccacfcQU.o
 .rela.text.__assert_func
                0x00000000        0x0 /tmp/ccacfcQU.o
 .rela.data.stderr
                0x00000000        0x0 /tmp/ccacfcQU.o
 .rela.data.stdout
                0x00000000        0x0 /tmp/ccacfcQU.o
 .rela.data.stdin
                0x00000000        0x0 /tmp/ccacfcQU.o
 .rela.text.__sflush_r
                0x00000000        0x0 /tmp/ccacfcQU.o
 .rela.text._fflush_r
                0x00000000        0x0 /tmp/ccacfcQU.o
 .rela.text.fflush
                0x00000000        0x0 /tmp/ccacfcQU.o
 .rela.text._cleanup_r
                0x00000000        0x0 /tmp/ccacfcQU.o
 .rela.text.__sfmoreglue
                0x00000000        0x0 /tmp/ccacfcQU.o
 .rela.text.__sinit
                0x00000000        0x0 /tmp/ccacfcQU.o
 .rela.text.__sfp
                0x00000000        0x0 /tmp/ccacfcQU.o
 .rela.text.__fp_lock_all
                0x00000000        0x0 /tmp/ccacfcQU.o
 .rela.text.__fp_unlock_all
                0x00000000        0x0 /tmp/ccacfcQU.o
 .rela.text._fiprintf_r
                0x00000000        0x0 /tmp/ccacfcQU.o
 .rela.text.fiprintf
                0x00000000        0x0 /tmp/ccacfcQU.o
 .rela.text._fwalk
                0x00000000        0x0 /tmp/ccacfcQU.o
 .rela.text._fwalk_reent
                0x00000000        0x0 /tmp/ccacfcQU.o
 .rela.text.malloc
                0x00000000        0x0 /tmp/ccacfcQU.o
 .rela.text.free
                0x00000000        0x0 /tmp/ccacfcQU.o
 .rela.text._free_r
                0x00000000        0x0 /tmp/ccacfcQU.o
 .rela.text._malloc_r
                0x00000000        0x0 /tmp/ccacfcQU.o
 .rela.text._sbrk_r
                0x00000000        0x0 /tmp/ccacfcQU.o
 .rela.text.__sread
                0x00000000        0x0 /tmp/ccacfcQU.o
 .rela.text.__swrite
                0x00000000        0x0 /tmp/ccacfcQU.o
 .rela.text.__sseek
                0x00000000        0x0 /tmp/ccacfcQU.o
 .rela.text.__sclose
                0x00000000        0x0 /tmp/ccacfcQU.o
 .rela.text.strtol
                0x00000000        0x0 /tmp/ccacfcQU.o
 .rela.text.strtol_common
                0x00000000        0x0 /tmp/ccacfcQU.o
 .rela.text.__sprint_r
                0x00000000        0x0 /tmp/ccacfcQU.o
 .rela.text._vfiprintf_r
                0x00000000        0x0 /tmp/ccacfcQU.o
 .rela.text._write_r
                0x00000000        0x0 /tmp/ccacfcQU.o
 .rela.text.__swsetup_r
                0x00000000        0x0 /tmp/ccacfcQU.o
 .rela.text.abort
                0x00000000        0x0 /tmp/ccacfcQU.o
 .rela.text._close_r
                0x00000000        0x0 /tmp/ccacfcQU.o
 .rela.data._NDS32_REENT___sglue
                0x00000000        0x0 /tmp/ccacfcQU.o
 .rela.text.__sfvwrite_r
                0x00000000        0x0 /tmp/ccacfcQU.o
 .rela.text._lseek_r
                0x00000000        0x0 /tmp/ccacfcQU.o
 .rela.text.__smakebuf_r
                0x00000000        0x0 /tmp/ccacfcQU.o
 .rela.text._realloc_r
                0x00000000        0x0 /tmp/ccacfcQU.o
 .rela.text._read_r
                0x00000000        0x0 /tmp/ccacfcQU.o
 .rela.text._fstat_r
                0x00000000        0x0 /tmp/ccacfcQU.o
 .rela.text._isatty_r
                0x00000000        0x0 /tmp/ccacfcQU.o
                0x00100000                . = 0x100000
                0x00100000                SDRAM_BEGIN = .
                0x00100000                DLM_BEGIN = .

.text           0x3000b738        0x0
                0x3000b738                . = ALIGN (0x4)
                0x3000b738                __XIP_TEXT_START = .
 *(.text .stub .text.* .gnu.linkonce.t.*)
                0x3000b738                . = ALIGN (0x4)
                0x3000b738                __XIP_TEXT_END = .
                0x3000b738                . = ALIGN (0x4)

.rodata

.ex9.itable
 *(.ex9.itable)

.eh_frame_hdr
 *(.eh_frame_hdr)
                0x3000b738                __data_lmastart = LOADADDR (.eh_frame)
                0x00100000                __data_start = ADDR (.eh_frame)

.eh_frame       0x00100000        0x0 load address 0x3000b738
 *(.eh_frame)

.data           0x00100000       0x88 load address 0x3000b738
 *(.data .data.* .gnu.linkonce.d.*)
 .data._g_tiny_printf_enable
                0x00100000        0x1 components/bsp/soc/boot/bootloader//libbootloader.a(tiny_printf.o)
 *fill*         0x00100001        0x3 
 .data.cli_buffer_size
                0x00100004        0x4 components/bsp/soc/boot/bootloader//libbootloader.a(cli.o)
                0x00100004                cli_buffer_size
 .data.hsuart_driver
                0x00100008       0x2c components/bsp/soc/boot/bootloader//libbootloader.a(drv_comport.o)
                0x00100008                hsuart_driver
 .data.uart_driver
                0x00100034       0x2c components/bsp/soc/boot/bootloader//libbootloader.a(drv_comport.o)
                0x00100034                uart_driver
 .data.bl_version
                0x00100060        0x4 components/bsp/soc/boot/bootloader//libbootloader.a(bl_version.o)
                0x00100060                bl_version
 .data.sg_uart  0x00100064        0x8 components/bsp/soc/boot/bootloader//libbootloader.a(hal_hsuart.o)
                0x00100064                sg_uart
 .data.stderr   0x0010006c        0x4 /home/yaguan/work/SV32WB0X/toolchain/nds32le-elf-mculib-v3s/bin/../lib/gcc/nds32le-elf/4.9.4/../../../../nds32le-elf/lib/mcmodel-large/mext-dsp/libc.a(lib_a-data-stdio.o)
                0x0010006c                stderr
 .data.stdout   0x00100070        0x4 /home/yaguan/work/SV32WB0X/toolchain/nds32le-elf-mculib-v3s/bin/../lib/gcc/nds32le-elf/4.9.4/../../../../nds32le-elf/lib/mcmodel-large/mext-dsp/libc.a(lib_a-data-stdio.o)
                0x00100070                stdout
 .data.stdin    0x00100074        0x4 /home/yaguan/work/SV32WB0X/toolchain/nds32le-elf-mculib-v3s/bin/../lib/gcc/nds32le-elf/4.9.4/../../../../nds32le-elf/lib/mcmodel-large/mext-dsp/libc.a(lib_a-data-stdio.o)
                0x00100074                stdin
 .data._NDS32_REENT___sglue
                0x00100078        0xc /home/yaguan/work/SV32WB0X/toolchain/nds32le-elf-mculib-v3s/bin/../lib/gcc/nds32le-elf/4.9.4/../../../../nds32le-elf/lib/mcmodel-large/mext-dsp/libc.a(lib_a-data-findfp.o)
                0x00100078                _NDS32_REENT___sglue
 *(.gnu.linkonce.d.*personality*)
                0x00100088                . = ALIGN (0x8)
 *fill*         0x00100084        0x4 
                0x00100088                . = ALIGN (0x4)

.got
 *(.got.plt)
 *(.got)

.sdata_d
 *(.sdata_d .sdata_d.*)

.sdata_w
 *(.sdata_w .sdata_w.*)

.sdata_h
 *(.sdata_h .sdata_h.*)

.sdata_b
 *(.sdata_b .sdata_b.*)

.sdata_f        0x00100088        0x0 load address 0x3000b7c0
 *(.sdata_f .sdata_f.*)
                0x00100088                . = ALIGN (0x4)
                0x00100088                _edata = .
                0x00100088                PROVIDE (edata, .)
                0x0000b780                __check_main_size = ((LOADADDR (.sdata_f) + SIZEOF (.sdata_f)) - ORIGIN (REGION_BOOT))
                0x00100088                __bss_start = .
                0x00100088                PROVIDE (__sbss_start, .)
                0x00100088                PROVIDE (___sbss_start, .)

.bss            0x00100088     0x30e0 load address 0x3000b7c0
                0x00100088                . = ALIGN (0x4)
 *(.tbss .tbss.* .gnu.linkonce.tb.*)
 *(.tcommon)
 *(.sbss_f .sbss_f.*)
 *(.scommon_f .scommon_f.*)
 *(.sbss_b .sbss_b.*)
 *(.scommon_b .scommon_b.*)
                0x00100088                . = ALIGN (0x2)
 *(.sbss_h .sbss_h.*)
 *(.scommon_h .scommon_h.*)
                0x00100088                . = ALIGN (0x4)
 *(.sbss_w .sbss_w.*)
 *(.scommon_w .scommon_w.*)
 .scommon_w     0x00100088        0x4 components/bsp/soc/boot/bootloader//libbootloader.a(ota_ssv_littlefs.o)
                0x00100088                base_addr
 .scommon_w     0x0010008c        0x4 /home/yaguan/work/SV32WB0X/toolchain/nds32le-elf-mculib-v3s/bin/../lib/gcc/nds32le-elf/4.9.4/../../../../nds32le-elf/lib/mcmodel-large/mext-dsp/libc.a(lib_a-reent_errno.o)
                0x0010008c                errno
 *(.dynsbss)
 *(.scommon)
                0x00100090                . = ALIGN (0x8)
 *(.sbss_d .sbss_d.*)
 *(.scommon_d .scommon_d.*)
 *(.dynbss)
 *(.bss .bss.* .gnu.linkonce.b.*)
 .bss.SRAM_ADDR_DATAIN
                0x00100090        0x4 components/bsp/soc/boot/bootloader//libbootloader.a(ota_flash.o)
 .bss.SRAM_ADDR_CMD_DATAOUT_ADD4
                0x00100094        0x4 components/bsp/soc/boot/bootloader//libbootloader.a(ota_flash.o)
 .bss.SRAM_ADDR_CMD_DATAOUT
                0x00100098        0x4 components/bsp/soc/boot/bootloader//libbootloader.a(ota_flash.o)
 .bss.status_buf
                0x0010009c        0x8 components/bsp/soc/boot/bootloader//libbootloader.a(ota_flash.o)
 .bss.tx_buf    0x001000a4      0x104 components/bsp/soc/boot/bootloader//libbootloader.a(ota_flash.o)
 .bss.sgCurPos  0x001001a8        0x4 components/bsp/soc/boot/bootloader//libbootloader.a(cli.o)
 .bss.sgArgC    0x001001ac        0x4 components/bsp/soc/boot/bootloader//libbootloader.a(cli.o)
 .bss.sgArgV    0x001001b0       0x18 components/bsp/soc/boot/bootloader//libbootloader.a(cli.o)
 .bss.sgCmdBuffer
                0x001001c8      0x804 components/bsp/soc/boot/bootloader//libbootloader.a(cli.o)
 .bss.sg_select_hsuart
                0x001009cc        0x1 components/bsp/soc/boot/bootloader//libbootloader.a(drv_comport.o)
 *fill*         0x001009cd        0x3 
 .bss.comport_api
                0x001009d0        0x4 components/bsp/soc/boot/bootloader//libbootloader.a(drv_comport.o)
 *fill*         0x001009d4        0x4 
 .bss           0x001009d8       0x20 components/bsp/soc/boot/bootloader//libbootloader.a(ota.o)
                0x001009dc                SAVED_PC
                0x001009e4                SAVED_ETYPE
                0x001009ec                SAVED_SWID
                0x001009f4                SAVED_VECTOR
 .bss.meta_buf  0x001009f8     0x1000 components/bsp/soc/boot/bootloader//libbootloader.a(cli_cmd.o)
 .bss.sa_buf    0x001019f8     0x1000 components/bsp/soc/boot/bootloader//libbootloader.a(cli_cmd.o)
                0x001019f8                sa_buf
 .bss.UART_IVT  0x001029f8       0x18 components/bsp/soc/boot/bootloader//libbootloader.a(hal_uart.o)
 .bss.HSUART_IVT
                0x00102a10       0x40 components/bsp/soc/boot/bootloader//libbootloader.a(hal_hsuart.o)
 .bss.Group31_Vector_Table
                0x00102a50       0x80 components/bsp/soc/boot/bootloader//libbootloader.a(intc.o)
 .bss.Group02_Vector_Table
                0x00102ad0       0x80 components/bsp/soc/boot/bootloader//libbootloader.a(intc.o)
 .bss._NDS32_REENT__errno
                0x00102b50        0x4 /home/yaguan/work/SV32WB0X/toolchain/nds32le-elf-mculib-v3s/bin/../lib/gcc/nds32le-elf/4.9.4/../../../../nds32le-elf/lib/mcmodel-large/mext-dsp/libc.a(lib_a-impure.o)
                0x00102b50                _NDS32_REENT__errno
 .bss.__malloc_sbrk_start
                0x00102b54        0x4 /home/yaguan/work/SV32WB0X/toolchain/nds32le-elf-mculib-v3s/bin/../lib/gcc/nds32le-elf/4.9.4/../../../../nds32le-elf/lib/mcmodel-large/mext-dsp/libc.a(lib_a-nano-mallocr.o)
                0x00102b54                __malloc_sbrk_start
 .bss.__malloc_free_list
                0x00102b58        0x4 /home/yaguan/work/SV32WB0X/toolchain/nds32le-elf-mculib-v3s/bin/../lib/gcc/nds32le-elf/4.9.4/../../../../nds32le-elf/lib/mcmodel-large/mext-dsp/libc.a(lib_a-nano-mallocr.o)
                0x00102b58                __malloc_free_list
 .bss._NDS32_REENT___cleanup
                0x00102b5c        0x4 /home/yaguan/work/SV32WB0X/toolchain/nds32le-elf-mculib-v3s/bin/../lib/gcc/nds32le-elf/4.9.4/../../../../nds32le-elf/lib/mcmodel-large/mext-dsp/libc.a(lib_a-data-findfp.o)
                0x00102b5c                _NDS32_REENT___cleanup
 .bss._NDS32_REENT___sdidinit
                0x00102b60        0x4 /home/yaguan/work/SV32WB0X/toolchain/nds32le-elf-mculib-v3s/bin/../lib/gcc/nds32le-elf/4.9.4/../../../../nds32le-elf/lib/mcmodel-large/mext-dsp/libc.a(lib_a-data-findfp.o)
                0x00102b60                _NDS32_REENT___sdidinit
 .bss           0x00102b64        0x4 /home/yaguan/work/SV32WB0X/toolchain/nds32le-elf-mculib-v3s/bin/../lib/gcc/nds32le-elf/4.9.4/../../../../nds32le-elf/lib/mcmodel-large/mext-dsp/libgloss.a(_sbrk.o)
 *(COMMON)
 COMMON         0x00102b68       0xc0 components/bsp/soc/boot/bootloader//libbootloader.a(ota_ssv_littlefs.o)
                0x00102b68                lfs
                0x00102be0                cfg
 COMMON         0x00102c28      0x406 components/bsp/soc/boot/bootloader//libbootloader.a(xmodem.o)
                0x00102c28                xbuff
 *fill*         0x0010302e        0x2 
 COMMON         0x00103030      0x138 /home/yaguan/work/SV32WB0X/toolchain/nds32le-elf-mculib-v3s/bin/../lib/gcc/nds32le-elf/4.9.4/../../../../nds32le-elf/lib/mcmodel-large/mext-dsp/libc.a(lib_a-data-stdio.o)
                0x00103030                _NDS32_REENT___sf
                0x00103168                . = ALIGN (0x4)
                0x00103168                PROVIDE (__sbss_end, .)
                0x00103168                PROVIDE (___sbss_end, .)
                0x00103180                . = ALIGN (0x20)
                0x00103180                _end = .
                0x00103180                PROVIDE (end, .)
                0x00103180                _show_dlm_end = .
                0x00103180                PROVIDE (_show_dlm_end, .)

.fill           0x3000b7c0     0x4840
                0x3000fffe                . = ((ORIGIN (REGION_BOOT) + 0xffc0) - 0x2)
 *fill*         0x3000b7c0     0x483e d500
                0x3000fffe        0x2 SHORT 0xd5
                0x00108000                PROVIDE (_stack, (ORIGIN (REGION_DATA_FAST) + 0x8000))
                0x00108000                __OS_Exception_Stack = _stack
                0x00107ec0                __OS_Int_Stack = (__OS_Exception_Stack - 0x140)
                0x00107b00                __fence__ = (__OS_Int_Stack - 0x3c0)
                0x00004980                dlm_remain = (__fence__ - _end)
                0x2ff10000                SDRAM_SIZE = (. - SDRAM_BEGIN)
                0x0000b7c0                FLASH_SIZE = (LOADADDR (.bss) - FLASH_BEGIN)

.stab
 *(.stab)

.stabstr
 *(.stabstr)

.stab.excl
 *(.stab.excl)

.stab.exclstr
 *(.stab.exclstr)

.stab.index
 *(.stab.index)

.stab.indexstr
 *(.stab.indexstr)

.note.nds32
 *(.note.nds32)
 *(.note.nds32.*)

.comment        0x00000000       0x3b
 *(.comment)
 .comment       0x00000000       0x3b /tmp/ccacfcQU.o
                                 0x3c (size before relaxing)
 .comment       0x00000000       0x3c /tmp/ccVIQUBa.o
 .comment       0x00000000       0x3c components/bsp/soc/boot/bootloader//libbootloader.a(ota_c.o)
 .comment       0x00000000       0x3c components/bsp/soc/boot/bootloader//libbootloader.a(ota_flash.o)
 .comment       0x00000000       0x3c components/bsp/soc/boot/bootloader//libbootloader.a(tiny_printf.o)
 .comment       0x00000000       0x3c components/bsp/soc/boot/bootloader//libbootloader.a(tiny_do_printf.o)
 .comment       0x00000000       0x3c components/bsp/soc/boot/bootloader//libbootloader.a(ota_ssv_littlefs.o)
 .comment       0x00000000       0x3c components/bsp/soc/boot/bootloader//libbootloader.a(cli.o)
 .comment       0x00000000       0x3c components/bsp/soc/boot/bootloader//libbootloader.a(drv_comport.o)
 .comment       0x00000000       0x3c components/bsp/soc/boot/bootloader//libbootloader.a(printf_patch.o)
 .comment       0x00000000       0x3c components/bsp/soc/boot/bootloader//libbootloader.a(bl_version.o)
 .comment       0x00000000       0x3c components/bsp/soc/boot/bootloader//libbootloader.a(ota_init_mem.o)
 .comment       0x00000000       0x3c components/bsp/soc/boot/bootloader//libbootloader.a(ota_clock.o)
 .comment       0x00000000       0x3c components/bsp/soc/boot/bootloader//libbootloader.a(my_lib.o)
 .comment       0x00000000       0x3c components/bsp/soc/boot/bootloader//libbootloader.a(serial.o)
 .comment       0x00000000       0x3c components/bsp/soc/boot/bootloader//libbootloader.a(fota_md5.o)
 .comment       0x00000000       0x3c components/bsp/soc/boot/bootloader//libbootloader.a(xmodem.o)
 .comment       0x00000000       0x3c components/bsp/soc/boot/bootloader//libbootloader.a(ota_lfs.o)
 .comment       0x00000000       0x3c components/bsp/soc/boot/bootloader//libbootloader.a(ota_lfs_util.o)
 .comment       0x00000000       0x3c components/bsp/soc/boot/bootloader//libbootloader.a(cli_cmd.o)
 .comment       0x00000000       0x3c components/bsp/soc/boot/bootloader//libbootloader.a(hal_uart.o)
 .comment       0x00000000       0x3c components/bsp/soc/boot/bootloader//libbootloader.a(hal_hsuart.o)
 .comment       0x00000000       0x3c components/bsp/soc/boot/bootloader//libbootloader.a(intc.o)
 .comment       0x00000000       0x3c /home/yaguan/work/SV32WB0X/toolchain/nds32le-elf-mculib-v3s/bin/../lib/gcc/nds32le-elf/4.9.4/mcmodel-large/mext-dsp/libgcc.a(_popcountsi2.o)
 .comment       0x00000000       0x3c /home/yaguan/work/SV32WB0X/toolchain/nds32le-elf-mculib-v3s/bin/../lib/gcc/nds32le-elf/4.9.4/mcmodel-large/mext-dsp/libgcc.a(eqdf2.o)
 .comment       0x00000000       0x3c /home/yaguan/work/SV32WB0X/toolchain/nds32le-elf-mculib-v3s/bin/../lib/gcc/nds32le-elf/4.9.4/mcmodel-large/mext-dsp/libgcc.a(gedf2.o)
 .comment       0x00000000       0x3c /home/yaguan/work/SV32WB0X/toolchain/nds32le-elf-mculib-v3s/bin/../lib/gcc/nds32le-elf/4.9.4/mcmodel-large/mext-dsp/libgcc.a(ledf2.o)
 .comment       0x00000000       0x3c /home/yaguan/work/SV32WB0X/toolchain/nds32le-elf-mculib-v3s/bin/../lib/gcc/nds32le-elf/4.9.4/mcmodel-large/mext-dsp/libgcc.a(muldf3.o)
 .comment       0x00000000       0x3c /home/yaguan/work/SV32WB0X/toolchain/nds32le-elf-mculib-v3s/bin/../lib/gcc/nds32le-elf/4.9.4/mcmodel-large/mext-dsp/libgcc.a(subdf3.o)
 .comment       0x00000000       0x3c /home/yaguan/work/SV32WB0X/toolchain/nds32le-elf-mculib-v3s/bin/../lib/gcc/nds32le-elf/4.9.4/mcmodel-large/mext-dsp/libgcc.a(floatsidf.o)
 .comment       0x00000000       0x3c /home/yaguan/work/SV32WB0X/toolchain/nds32le-elf-mculib-v3s/bin/../lib/gcc/nds32le-elf/4.9.4/mcmodel-large/mext-dsp/libgcc.a(floatunsidf.o)
 .comment       0x00000000       0x3c /home/yaguan/work/SV32WB0X/toolchain/nds32le-elf-mculib-v3s/bin/../lib/gcc/nds32le-elf/4.9.4/../../../../nds32le-elf/lib/mcmodel-large/mext-dsp/libc.a(lib_a-assert.o)
 .comment       0x00000000       0x3c /home/yaguan/work/SV32WB0X/toolchain/nds32le-elf-mculib-v3s/bin/../lib/gcc/nds32le-elf/4.9.4/../../../../nds32le-elf/lib/mcmodel-large/mext-dsp/libc.a(lib_a-data-stdio.o)
 .comment       0x00000000       0x3c /home/yaguan/work/SV32WB0X/toolchain/nds32le-elf-mculib-v3s/bin/../lib/gcc/nds32le-elf/4.9.4/../../../../nds32le-elf/lib/mcmodel-large/mext-dsp/libc.a(lib_a-fflush.o)
 .comment       0x00000000       0x3c /home/yaguan/work/SV32WB0X/toolchain/nds32le-elf-mculib-v3s/bin/../lib/gcc/nds32le-elf/4.9.4/../../../../nds32le-elf/lib/mcmodel-large/mext-dsp/libc.a(lib_a-findfp.o)
 .comment       0x00000000       0x3c /home/yaguan/work/SV32WB0X/toolchain/nds32le-elf-mculib-v3s/bin/../lib/gcc/nds32le-elf/4.9.4/../../../../nds32le-elf/lib/mcmodel-large/mext-dsp/libc.a(lib_a-fiprintf.o)
 .comment       0x00000000       0x3c /home/yaguan/work/SV32WB0X/toolchain/nds32le-elf-mculib-v3s/bin/../lib/gcc/nds32le-elf/4.9.4/../../../../nds32le-elf/lib/mcmodel-large/mext-dsp/libc.a(lib_a-fwalk.o)
 .comment       0x00000000       0x3c /home/yaguan/work/SV32WB0X/toolchain/nds32le-elf-mculib-v3s/bin/../lib/gcc/nds32le-elf/4.9.4/../../../../nds32le-elf/lib/mcmodel-large/mext-dsp/libc.a(lib_a-impure.o)
 .comment       0x00000000       0x3c /home/yaguan/work/SV32WB0X/toolchain/nds32le-elf-mculib-v3s/bin/../lib/gcc/nds32le-elf/4.9.4/../../../../nds32le-elf/lib/mcmodel-large/mext-dsp/libc.a(lib_a-malloc.o)
 .comment       0x00000000       0x3c /home/yaguan/work/SV32WB0X/toolchain/nds32le-elf-mculib-v3s/bin/../lib/gcc/nds32le-elf/4.9.4/../../../../nds32le-elf/lib/mcmodel-large/mext-dsp/libc.a(lib_a-nano-freer.o)
 .comment       0x00000000       0x3c /home/yaguan/work/SV32WB0X/toolchain/nds32le-elf-mculib-v3s/bin/../lib/gcc/nds32le-elf/4.9.4/../../../../nds32le-elf/lib/mcmodel-large/mext-dsp/libc.a(lib_a-nano-mallocr.o)
 .comment       0x00000000       0x3c /home/yaguan/work/SV32WB0X/toolchain/nds32le-elf-mculib-v3s/bin/../lib/gcc/nds32le-elf/4.9.4/../../../../nds32le-elf/lib/mcmodel-large/mext-dsp/libc.a(lib_a-sbrkr.o)
 .comment       0x00000000       0x3c /home/yaguan/work/SV32WB0X/toolchain/nds32le-elf-mculib-v3s/bin/../lib/gcc/nds32le-elf/4.9.4/../../../../nds32le-elf/lib/mcmodel-large/mext-dsp/libc.a(lib_a-stdio.o)
 .comment       0x00000000       0x3c /home/yaguan/work/SV32WB0X/toolchain/nds32le-elf-mculib-v3s/bin/../lib/gcc/nds32le-elf/4.9.4/../../../../nds32le-elf/lib/mcmodel-large/mext-dsp/libc.a(lib_a-strtol.o)
 .comment       0x00000000       0x3c /home/yaguan/work/SV32WB0X/toolchain/nds32le-elf-mculib-v3s/bin/../lib/gcc/nds32le-elf/4.9.4/../../../../nds32le-elf/lib/mcmodel-large/mext-dsp/libc.a(lib_a-strtol_common.o)
 .comment       0x00000000       0x3c /home/yaguan/work/SV32WB0X/toolchain/nds32le-elf-mculib-v3s/bin/../lib/gcc/nds32le-elf/4.9.4/../../../../nds32le-elf/lib/mcmodel-large/mext-dsp/libc.a(lib_a-strtoul.o)
 .comment       0x00000000       0x3c /home/yaguan/work/SV32WB0X/toolchain/nds32le-elf-mculib-v3s/bin/../lib/gcc/nds32le-elf/4.9.4/../../../../nds32le-elf/lib/mcmodel-large/mext-dsp/libc.a(lib_a-vfiprintf.o)
 .comment       0x00000000       0x3c /home/yaguan/work/SV32WB0X/toolchain/nds32le-elf-mculib-v3s/bin/../lib/gcc/nds32le-elf/4.9.4/../../../../nds32le-elf/lib/mcmodel-large/mext-dsp/libc.a(lib_a-writer.o)
 .comment       0x00000000       0x3c /home/yaguan/work/SV32WB0X/toolchain/nds32le-elf-mculib-v3s/bin/../lib/gcc/nds32le-elf/4.9.4/../../../../nds32le-elf/lib/mcmodel-large/mext-dsp/libc.a(lib_a-wsetup.o)
 .comment       0x00000000       0x3c /home/yaguan/work/SV32WB0X/toolchain/nds32le-elf-mculib-v3s/bin/../lib/gcc/nds32le-elf/4.9.4/../../../../nds32le-elf/lib/mcmodel-large/mext-dsp/libc.a(lib_a-abort.o)
 .comment       0x00000000       0x3c /home/yaguan/work/SV32WB0X/toolchain/nds32le-elf-mculib-v3s/bin/../lib/gcc/nds32le-elf/4.9.4/../../../../nds32le-elf/lib/mcmodel-large/mext-dsp/libc.a(lib_a-closer.o)
 .comment       0x00000000       0x3c /home/yaguan/work/SV32WB0X/toolchain/nds32le-elf-mculib-v3s/bin/../lib/gcc/nds32le-elf/4.9.4/../../../../nds32le-elf/lib/mcmodel-large/mext-dsp/libc.a(lib_a-data-findfp.o)
 .comment       0x00000000       0x3c /home/yaguan/work/SV32WB0X/toolchain/nds32le-elf-mculib-v3s/bin/../lib/gcc/nds32le-elf/4.9.4/../../../../nds32le-elf/lib/mcmodel-large/mext-dsp/libc.a(lib_a-fclose.o)
 .comment       0x00000000       0x3c /home/yaguan/work/SV32WB0X/toolchain/nds32le-elf-mculib-v3s/bin/../lib/gcc/nds32le-elf/4.9.4/../../../../nds32le-elf/lib/mcmodel-large/mext-dsp/libc.a(lib_a-fvwrite.o)
 .comment       0x00000000       0x3c /home/yaguan/work/SV32WB0X/toolchain/nds32le-elf-mculib-v3s/bin/../lib/gcc/nds32le-elf/4.9.4/../../../../nds32le-elf/lib/mcmodel-large/mext-dsp/libc.a(lib_a-lseekr.o)
 .comment       0x00000000       0x3c /home/yaguan/work/SV32WB0X/toolchain/nds32le-elf-mculib-v3s/bin/../lib/gcc/nds32le-elf/4.9.4/../../../../nds32le-elf/lib/mcmodel-large/mext-dsp/libc.a(lib_a-makebuf.o)
 .comment       0x00000000       0x3c /home/yaguan/work/SV32WB0X/toolchain/nds32le-elf-mculib-v3s/bin/../lib/gcc/nds32le-elf/4.9.4/../../../../nds32le-elf/lib/mcmodel-large/mext-dsp/libc.a(lib_a-nano-reallocr.o)
 .comment       0x00000000       0x3c /home/yaguan/work/SV32WB0X/toolchain/nds32le-elf-mculib-v3s/bin/../lib/gcc/nds32le-elf/4.9.4/../../../../nds32le-elf/lib/mcmodel-large/mext-dsp/libc.a(lib_a-nds_isalpha.o)
 .comment       0x00000000       0x3c /home/yaguan/work/SV32WB0X/toolchain/nds32le-elf-mculib-v3s/bin/../lib/gcc/nds32le-elf/4.9.4/../../../../nds32le-elf/lib/mcmodel-large/mext-dsp/libc.a(lib_a-nds_isdigit.o)
 .comment       0x00000000       0x3c /home/yaguan/work/SV32WB0X/toolchain/nds32le-elf-mculib-v3s/bin/../lib/gcc/nds32le-elf/4.9.4/../../../../nds32le-elf/lib/mcmodel-large/mext-dsp/libc.a(lib_a-nds_isspace.o)
 .comment       0x00000000       0x3c /home/yaguan/work/SV32WB0X/toolchain/nds32le-elf-mculib-v3s/bin/../lib/gcc/nds32le-elf/4.9.4/../../../../nds32le-elf/lib/mcmodel-large/mext-dsp/libc.a(lib_a-nds_isupper.o)
 .comment       0x00000000       0x3c /home/yaguan/work/SV32WB0X/toolchain/nds32le-elf-mculib-v3s/bin/../lib/gcc/nds32le-elf/4.9.4/../../../../nds32le-elf/lib/mcmodel-large/mext-dsp/libc.a(lib_a-readr.o)
 .comment       0x00000000       0x3c /home/yaguan/work/SV32WB0X/toolchain/nds32le-elf-mculib-v3s/bin/../lib/gcc/nds32le-elf/4.9.4/../../../../nds32le-elf/lib/mcmodel-large/mext-dsp/libc.a(lib_a-reent_errno.o)
 .comment       0x00000000       0x3c /home/yaguan/work/SV32WB0X/toolchain/nds32le-elf-mculib-v3s/bin/../lib/gcc/nds32le-elf/4.9.4/../../../../nds32le-elf/lib/mcmodel-large/mext-dsp/libc.a(lib_a-fstatr.o)
 .comment       0x00000000       0x3c /home/yaguan/work/SV32WB0X/toolchain/nds32le-elf-mculib-v3s/bin/../lib/gcc/nds32le-elf/4.9.4/../../../../nds32le-elf/lib/mcmodel-large/mext-dsp/libc.a(lib_a-isattyr.o)
 .comment       0x00000000       0x3c /home/yaguan/work/SV32WB0X/toolchain/nds32le-elf-mculib-v3s/bin/../lib/gcc/nds32le-elf/4.9.4/../../../../nds32le-elf/lib/mcmodel-large/mext-dsp/libc.a(lib_a-nano-msizer.o)

.mdebug.abi_nds32
                0x00000000        0x0
 .mdebug.abi_nds32
                0x00000000        0x0 /home/yaguan/work/SV32WB0X/toolchain/nds32le-elf-mculib-v3s/bin/../lib/gcc/nds32le-elf/4.9.4/mcmodel-large/mext-dsp/libgcc.a(_udivdi3.o)
 .mdebug.abi_nds32
                0x00000000        0x0 /home/yaguan/work/SV32WB0X/toolchain/nds32le-elf-mculib-v3s/bin/../lib/gcc/nds32le-elf/4.9.4/mcmodel-large/mext-dsp/libgcc.a(_udivmoddi4.o)
 .mdebug.abi_nds32
                0x00000000        0x0 /home/yaguan/work/SV32WB0X/toolchain/nds32le-elf-mculib-v3s/bin/../lib/gcc/nds32le-elf/4.9.4/mcmodel-large/mext-dsp/libgcc.a(_umoddi3.o)
 .mdebug.abi_nds32
                0x00000000        0x0 /home/yaguan/work/SV32WB0X/toolchain/nds32le-elf-mculib-v3s/bin/../lib/gcc/nds32le-elf/4.9.4/mcmodel-large/mext-dsp/libgcc.a(_fixdfsi.o)
 .mdebug.abi_nds32
                0x00000000        0x0 /home/yaguan/work/SV32WB0X/toolchain/nds32le-elf-mculib-v3s/bin/../lib/gcc/nds32le-elf/4.9.4/mcmodel-large/mext-dsp/libgcc.a(_fixunsdfsi.o)

.debug
 *(.debug)

.line
 *(.line)

.debug_srcinfo
 *(.debug_srcinfo)

.debug_sfnames
 *(.debug_sfnames)

.debug_aranges  0x00000000      0x1f0
 *(.debug_aranges)
 .debug_aranges
                0x00000000       0x28 /tmp/ccacfcQU.o
 .debug_aranges
                0x00000028       0x28 /tmp/ccVIQUBa.o
 .debug_aranges
                0x00000050       0x20 /home/yaguan/work/SV32WB0X/toolchain/nds32le-elf-mculib-v3s/bin/../lib/gcc/nds32le-elf/4.9.4/mcmodel-large/mext-dsp/libgcc.a(_udivdi3.o)
 .debug_aranges
                0x00000070       0x20 /home/yaguan/work/SV32WB0X/toolchain/nds32le-elf-mculib-v3s/bin/../lib/gcc/nds32le-elf/4.9.4/mcmodel-large/mext-dsp/libgcc.a(_udivmoddi4.o)
 .debug_aranges
                0x00000090       0x20 /home/yaguan/work/SV32WB0X/toolchain/nds32le-elf-mculib-v3s/bin/../lib/gcc/nds32le-elf/4.9.4/mcmodel-large/mext-dsp/libgcc.a(_umoddi3.o)
 .debug_aranges